[    0.000000] Booting Linux on physical CPU 0x0000000000 [0x700f8620]
[    0.000000] Linux version 4.19.90-85.0.v2307.ky10.aarch64 (root@localhost.localdomain) (gcc version 7.3.0 (GCC)) #7 SMP Tue Nov 7 16:30:56 CST 2023
[    0.000000] efi: Getting EFI parameters from FDT:
[    0.000000] efi: EFI v2.80 by Byosoft
[    0.000000] efi:  SMBIOS=0xf5f8a000  ACPI 2.0=0xf5b00018  MEMATTR=0xf3bc8018  MEMRESERVE=0xf358be18 
[    0.000000] kexec_core: Reserving 256MB of low memory at 3542MB for crashkernel (System low RAM: 1985MB)
[    0.000000] crashkernel reserved: 0x0000711f3fc00000 - 0x0000711f7fc00000 (1024 MB)
[    0.000000] ACPI: Early table checksum verification disabled
[    0.000000] ACPI: RSDP 0x00000000F5B00018 000024 (v02 PHYLTD)
[    0.000000] ACPI: XSDT 0x00000000F5B0FE98 0000AC (v01 PHYLTD PHYTFADT 00010000 BYO  01000013)
[    0.000000] ACPI: FACP 0x00000000F5B0FB98 000114 (v06 PHYLTD PHYTFADT 00010000 ARMH 00010000)
[    0.000000] ACPI: DSDT 0x00000000F57A0018 00A7E7 (v02 PHYLTD PHYTDSDT 00010000 INTL 20180105)
[    0.000000] ACPI: SPMI 0x00000000F5B0FF98 000041 (v05 PHYLTD PHYTIUM. 00000001 PHYT 00000001)
[    0.000000] ACPI: PCCT 0x00000000F5B0E998 000410 (v02 PHYLTD PHYTPCCT 00010000 PHYT 00010000)
[    0.000000] ACPI: PPTT 0x00000000F5B07518 003BEC (v03 PHYLTD PHYTPPTT 00010000 PHYT 00010000)
[    0.000000] ACPI: SLIT 0x00000000F5B0FA98 00006C (v01 PHYLTD PHYTSLIT 00010000 PHYT 00010000)
[    0.000000] ACPI: GTDT 0x00000000F5B0FD18 000084 (v03 PHYLTD PHYTGTDT 00010000 ARMH 00010000)
[    0.000000] ACPI: APIC 0x00000000F5B0BD18 002AC4 (v05 PHYLTD PHYTAPIC 00010000 ARMH 00010000)
[    0.000000] ACPI: SPCR 0x00000000F5B0FE18 000050 (v02 PHYLTD PHYTSPCR 00010000 ARMH 00010000)
[    0.000000] ACPI: DBG2 0x00000000F5B0F018 00005D (v00 PHYLTD PHYTDBG2 00010000 ARMH 00010000)
[    0.000000] ACPI: MCFG 0x00000000F5B0F798 0000AC (v01 PHYLTD PHYTMCFG 00010000 ARMH 00010000)
[    0.000000] ACPI: SRAT 0x00000000F5790018 000D58 (v03 PHYLTD PHYTSRAT 00010000 ARMH 00010000)
[    0.000000] ACPI: BERT 0x00000000F579FF98 000030 (v01 PHYLTD PHYTIUM. 00000001 PHYT 00000001)
[    0.000000] ACPI: HEST 0x00000000F579FA18 000250 (v01 PHYLTD PHYTIUM. 00000001 PHYT 00000001)
[    0.000000] ACPI: EINJ 0x00000000F5B0F118 000170 (v01 PHYLTD PHYTIUM. 00000001 PHYT 00000001)
[    0.000000] ACPI: SDEI 0x00000000F5B0FA18 000024 (v01 PHYLTD PHYTIUM. 00000001 PHYT 00000001)
[    0.000000] ACPI: SSDT 0x00000000F5B00098 0043B1 (v02 PHYLTD PHYTSSDT 00010000 INTL 20180105)
[    0.000000] ACPI: IORT 0x00000000F5B04898 000C14 (v00 PHYLTD PHYTIORT 00010000 PHYT 00010000)
[    0.000000] ACPI: SPCR: console: pl011,mmio32,0x20001000,115200
[    0.000000] ACPI: SRAT: Node 0 PXM 0 [mem 0x80000000-0xfbffffff]
[    0.000000] ACPI: SRAT: Node 0 PXM 0 [mem 0x10000000000-0x11f7fffffff]
[    0.000000] ACPI: SRAT: Node 1 PXM 1 [mem 0x100080000000-0x1000ffffffff]
[    0.000000] ACPI: SRAT: Node 1 PXM 1 [mem 0x110000000000-0x111f7fffffff]
[    0.000000] ACPI: SRAT: Node 2 PXM 2 [mem 0x200080000000-0x2000ffffffff]
[    0.000000] ACPI: SRAT: Node 2 PXM 2 [mem 0x210000000000-0x211f7fffffff]
[    0.000000] ACPI: SRAT: Node 3 PXM 3 [mem 0x300080000000-0x3000ffffffff]
[    0.000000] ACPI: SRAT: Node 3 PXM 3 [mem 0x310000000000-0x311f7fffffff]
[    0.000000] ACPI: SRAT: Node 4 PXM 4 [mem 0x400080000000-0x4000ffffffff]
[    0.000000] ACPI: SRAT: Node 4 PXM 4 [mem 0x410000000000-0x411f7fffffff]
[    0.000000] ACPI: SRAT: Node 5 PXM 5 [mem 0x500080000000-0x5000ffffffff]
[    0.000000] ACPI: SRAT: Node 5 PXM 5 [mem 0x510000000000-0x511f7fffffff]
[    0.000000] ACPI: SRAT: Node 6 PXM 6 [mem 0x600080000000-0x6000ffffffff]
[    0.000000] ACPI: SRAT: Node 6 PXM 6 [mem 0x610000000000-0x611f7fffffff]
[    0.000000] ACPI: SRAT: Node 7 PXM 7 [mem 0x700080000000-0x7000ffffffff]
[    0.000000] ACPI: SRAT: Node 7 PXM 7 [mem 0x710000000000-0x711f7fffffff]
[    0.000000] ACPI: SRAT: Node 0 PXM 0 [mem 0xfc400000-0xfc4fffff]
[    0.000000] NUMA: NODE_DATA [mem 0x11f7fffcec0-0x11f7fffffff]
[    0.000000] NUMA: NODE_DATA [mem 0x111f7fffcec0-0x111f7fffffff]
[    0.000000] NUMA: NODE_DATA [mem 0x211f7fffcec0-0x211f7fffffff]
[    0.000000] NUMA: NODE_DATA [mem 0x311f7fffcec0-0x311f7fffffff]
[    0.000000] NUMA: NODE_DATA [mem 0x411f7fffcec0-0x411f7fffffff]
[    0.000000] NUMA: NODE_DATA [mem 0x511f7fffcec0-0x511f7fffffff]
[    0.000000] NUMA: NODE_DATA [mem 0x611f7fffcec0-0x611f7fffffff]
[    0.000000] NUMA: NODE_DATA [mem 0x711f7fffcec0-0x711f7fffffff]
[    0.000000] Zone ranges:
[    0.000000]   DMA32    [mem 0x0000000080000000-0x00000000ffffffff]
[    0.000000]   Normal   [mem 0x0000000100000000-0x0000711f7fffffff]
[    0.000000] Movable zone start for each node
[    0.000000] Early memory node ranges
[    0.000000]   node   0: [mem 0x0000000080000000-0x00000000f4f5ffff]
[    0.000000]   node   0: [mem 0x00000000f4f60000-0x00000000f4feffff]
[    0.000000]   node   0: [mem 0x00000000f4ff0000-0x00000000f571ffff]
[    0.000000]   node   0: [mem 0x00000000f5720000-0x00000000f572ffff]
[    0.000000]   node   0: [mem 0x00000000f5730000-0x00000000f57affff]
[    0.000000]   node   0: [mem 0x00000000f57b0000-0x00000000f5afffff]
[    0.000000]   node   0: [mem 0x00000000f5b00000-0x00000000f5b0ffff]
[    0.000000]   node   0: [mem 0x00000000f5b10000-0x00000000f5f8ffff]
[    0.000000]   node   0: [mem 0x00000000f5f90000-0x00000000faf4ffff]
[    0.000000]   node   0: [mem 0x00000000faf50000-0x00000000faf8ffff]
[    0.000000]   node   0: [mem 0x00000000faf90000-0x00000000fafaffff]
[    0.000000]   node   0: [mem 0x00000000fafb0000-0x00000000fafeffff]
[    0.000000]   node   0: [mem 0x00000000faff0000-0x00000000faffffff]
[    0.000000]   node   0: [mem 0x00000000fb000000-0x00000000fbffffff]
[    0.000000]   node   0: [mem 0x00000000fc400000-0x00000000fc4fffff]
[    0.000000]   node   0: [mem 0x0000010000000000-0x0000011f7fffffff]
[    0.000000]   node   1: [mem 0x0000100080000000-0x00001000ffffffff]
[    0.000000]   node   1: [mem 0x0000110000000000-0x0000111f7fffffff]
[    0.000000]   node   2: [mem 0x0000200080000000-0x00002000ffffffff]
[    0.000000]   node   2: [mem 0x0000210000000000-0x0000211f7fffffff]
[    0.000000]   node   3: [mem 0x0000300080000000-0x00003000ffffffff]
[    0.000000]   node   3: [mem 0x0000310000000000-0x0000311f7fffffff]
[    0.000000]   node   4: [mem 0x0000400080000000-0x00004000ffffffff]
[    0.000000]   node   4: [mem 0x0000410000000000-0x0000411f7fffffff]
[    0.000000]   node   5: [mem 0x0000500080000000-0x00005000ffffffff]
[    0.000000]   node   5: [mem 0x0000510000000000-0x0000511f7fffffff]
[    0.000000]   node   6: [mem 0x0000600080000000-0x00006000ffffffff]
[    0.000000]   node   6: [mem 0x0000610000000000-0x0000611f7fffffff]
[    0.000000]   node   7: [mem 0x0000700080000000-0x00007000ffffffff]
[    0.000000]   node   7: [mem 0x0000710000000000-0x0000711f7fffffff]
[    0.000000] Zeroed struct page in unavailable ranges: 1423 pages
[    0.000000] Initmem setup node 0 [mem 0x0000000080000000-0x0000011f7fffffff]
[    0.000000] On node 0 totalpages: 2096144
[    0.000000]   DMA32 zone: 32 pages used for memmap
[    0.000000]   DMA32 zone: 0 pages reserved
[    0.000000]   DMA32 zone: 31760 pages, LIFO batch:3
[    0.000000]   Normal zone: 2016 pages used for memmap
[    0.000000]   Normal zone: 2064384 pages, LIFO batch:3
[    0.000000] Initmem setup node 1 [mem 0x0000100080000000-0x0000111f7fffffff]
[    0.000000] On node 1 totalpages: 2097152
[    0.000000]   Normal zone: 2048 pages used for memmap
[    0.000000]   Normal zone: 2097152 pages, LIFO batch:3
[    0.000000] Initmem setup node 2 [mem 0x0000200080000000-0x0000211f7fffffff]
[    0.000000] On node 2 totalpages: 2097152
[    0.000000]   Normal zone: 2048 pages used for memmap
[    0.000000]   Normal zone: 2097152 pages, LIFO batch:3
[    0.000000] Initmem setup node 3 [mem 0x0000300080000000-0x0000311f7fffffff]
[    0.000000] On node 3 totalpages: 2097152
[    0.000000]   Normal zone: 2048 pages used for memmap
[    0.000000]   Normal zone: 2097152 pages, LIFO batch:3
[    0.000000] Initmem setup node 4 [mem 0x0000400080000000-0x0000411f7fffffff]
[    0.000000] On node 4 totalpages: 2097152
[    0.000000]   Normal zone: 2048 pages used for memmap
[    0.000000]   Normal zone: 2097152 pages, LIFO batch:3
[    0.000000] Initmem setup node 5 [mem 0x0000500080000000-0x0000511f7fffffff]
[    0.000000] On node 5 totalpages: 2097152
[    0.000000]   Normal zone: 2048 pages used for memmap
[    0.000000]   Normal zone: 2097152 pages, LIFO batch:3
[    0.000000] Initmem setup node 6 [mem 0x0000600080000000-0x0000611f7fffffff]
[    0.000000] On node 6 totalpages: 2097152
[    0.000000]   Normal zone: 2048 pages used for memmap
[    0.000000]   Normal zone: 2097152 pages, LIFO batch:3
[    0.000000] Initmem setup node 7 [mem 0x0000700080000000-0x0000711f7fffffff]
[    0.000000] On node 7 totalpages: 2097152
[    0.000000]   Normal zone: 2048 pages used for memmap
[    0.000000]   Normal zone: 2097152 pages, LIFO batch:3
[    0.000000] psci: probing for conduit method from ACPI.
[    0.000000] psci: PSCIv1.1 detected in firmware.
[    0.000000] psci: Using standard PSCI v0.2 function IDs
[    0.000000] psci: MIGRATE_INFO_TYPE not supported.
[    0.000000] psci: SMC Calling Convention v1.0
[    0.000000] ACPI: NUMA: SRAT: PXM 0 -> MPIDR 0x0 -> Node 0
[    0.000000] ACPI: NUMA: SRAT: PXM 0 -> MPIDR 0x10000 -> Node 0
[    0.000000] ACPI: NUMA: SRAT: PXM 0 -> MPIDR 0x20000 -> Node 0
[    0.000000] ACPI: NUMA: SRAT: PXM 0 -> MPIDR 0x30000 -> Node 0
[    0.000000] ACPI: NUMA: SRAT: PXM 0 -> MPIDR 0x40000 -> Node 0
[    0.000000] ACPI: NUMA: SRAT: PXM 0 -> MPIDR 0x50000 -> Node 0
[    0.000000] ACPI: NUMA: SRAT: PXM 0 -> MPIDR 0x60000 -> Node 0
[    0.000000] ACPI: NUMA: SRAT: PXM 0 -> MPIDR 0x70000 -> Node 0
[    0.000000] ACPI: NUMA: SRAT: PXM 0 -> MPIDR 0x80000 -> Node 0
[    0.000000] ACPI: NUMA: SRAT: PXM 0 -> MPIDR 0x90000 -> Node 0
[    0.000000] ACPI: NUMA: SRAT: PXM 0 -> MPIDR 0xa0000 -> Node 0
[    0.000000] ACPI: NUMA: SRAT: PXM 0 -> MPIDR 0xb0000 -> Node 0
[    0.000000] ACPI: NUMA: SRAT: PXM 0 -> MPIDR 0xc0000 -> Node 0
[    0.000000] ACPI: NUMA: SRAT: PXM 0 -> MPIDR 0xd0000 -> Node 0
[    0.000000] ACPI: NUMA: SRAT: PXM 0 -> MPIDR 0xe0000 -> Node 0
[    0.000000] ACPI: NUMA: SRAT: PXM 0 -> MPIDR 0xf0000 -> Node 0
[    0.000000] ACPI: NUMA: SRAT: PXM 1 -> MPIDR 0x100000000 -> Node 1
[    0.000000] ACPI: NUMA: SRAT: PXM 1 -> MPIDR 0x100010000 -> Node 1
[    0.000000] ACPI: NUMA: SRAT: PXM 1 -> MPIDR 0x100020000 -> Node 1
[    0.000000] ACPI: NUMA: SRAT: PXM 1 -> MPIDR 0x100030000 -> Node 1
[    0.000000] ACPI: NUMA: SRAT: PXM 1 -> MPIDR 0x100040000 -> Node 1
[    0.000000] ACPI: NUMA: SRAT: PXM 1 -> MPIDR 0x100050000 -> Node 1
[    0.000000] ACPI: NUMA: SRAT: PXM 1 -> MPIDR 0x100060000 -> Node 1
[    0.000000] ACPI: NUMA: SRAT: PXM 1 -> MPIDR 0x100070000 -> Node 1
[    0.000000] ACPI: NUMA: SRAT: PXM 1 -> MPIDR 0x100080000 -> Node 1
[    0.000000] ACPI: NUMA: SRAT: PXM 1 -> MPIDR 0x100090000 -> Node 1
[    0.000000] ACPI: NUMA: SRAT: PXM 1 -> MPIDR 0x1000a0000 -> Node 1
[    0.000000] ACPI: NUMA: SRAT: PXM 1 -> MPIDR 0x1000b0000 -> Node 1
[    0.000000] ACPI: NUMA: SRAT: PXM 1 -> MPIDR 0x1000c0000 -> Node 1
[    0.000000] ACPI: NUMA: SRAT: PXM 1 -> MPIDR 0x1000d0000 -> Node 1
[    0.000000] ACPI: NUMA: SRAT: PXM 1 -> MPIDR 0x1000e0000 -> Node 1
[    0.000000] ACPI: NUMA: SRAT: PXM 1 -> MPIDR 0x1000f0000 -> Node 1
[    0.000000] ACPI: NUMA: SRAT: PXM 2 -> MPIDR 0x200000000 -> Node 2
[    0.000000] ACPI: NUMA: SRAT: PXM 2 -> MPIDR 0x200010000 -> Node 2
[    0.000000] ACPI: NUMA: SRAT: PXM 2 -> MPIDR 0x200020000 -> Node 2
[    0.000000] ACPI: NUMA: SRAT: PXM 2 -> MPIDR 0x200030000 -> Node 2
[    0.000000] ACPI: NUMA: SRAT: PXM 2 -> MPIDR 0x200040000 -> Node 2
[    0.000000] ACPI: NUMA: SRAT: PXM 2 -> MPIDR 0x200050000 -> Node 2
[    0.000000] ACPI: NUMA: SRAT: PXM 2 -> MPIDR 0x200060000 -> Node 2
[    0.000000] ACPI: NUMA: SRAT: PXM 2 -> MPIDR 0x200070000 -> Node 2
[    0.000000] ACPI: NUMA: SRAT: PXM 2 -> MPIDR 0x200080000 -> Node 2
[    0.000000] ACPI: NUMA: SRAT: PXM 2 -> MPIDR 0x200090000 -> Node 2
[    0.000000] ACPI: NUMA: SRAT: PXM 2 -> MPIDR 0x2000a0000 -> Node 2
[    0.000000] ACPI: NUMA: SRAT: PXM 2 -> MPIDR 0x2000b0000 -> Node 2
[    0.000000] ACPI: NUMA: SRAT: PXM 2 -> MPIDR 0x2000c0000 -> Node 2
[    0.000000] ACPI: NUMA: SRAT: PXM 2 -> MPIDR 0x2000d0000 -> Node 2
[    0.000000] ACPI: NUMA: SRAT: PXM 2 -> MPIDR 0x2000e0000 -> Node 2
[    0.000000] ACPI: NUMA: SRAT: PXM 2 -> MPIDR 0x2000f0000 -> Node 2
[    0.000000] ACPI: NUMA: SRAT: PXM 3 -> MPIDR 0x300000000 -> Node 3
[    0.000000] ACPI: NUMA: SRAT: PXM 3 -> MPIDR 0x300010000 -> Node 3
[    0.000000] ACPI: NUMA: SRAT: PXM 3 -> MPIDR 0x300020000 -> Node 3
[    0.000000] ACPI: NUMA: SRAT: PXM 3 -> MPIDR 0x300030000 -> Node 3
[    0.000000] ACPI: NUMA: SRAT: PXM 3 -> MPIDR 0x300040000 -> Node 3
[    0.000000] ACPI: NUMA: SRAT: PXM 3 -> MPIDR 0x300050000 -> Node 3
[    0.000000] ACPI: NUMA: SRAT: PXM 3 -> MPIDR 0x300060000 -> Node 3
[    0.000000] ACPI: NUMA: SRAT: PXM 3 -> MPIDR 0x300070000 -> Node 3
[    0.000000] ACPI: NUMA: SRAT: PXM 3 -> MPIDR 0x300080000 -> Node 3
[    0.000000] ACPI: NUMA: SRAT: PXM 3 -> MPIDR 0x300090000 -> Node 3
[    0.000000] ACPI: NUMA: SRAT: PXM 3 -> MPIDR 0x3000a0000 -> Node 3
[    0.000000] ACPI: NUMA: SRAT: PXM 3 -> MPIDR 0x3000b0000 -> Node 3
[    0.000000] ACPI: NUMA: SRAT: PXM 3 -> MPIDR 0x3000c0000 -> Node 3
[    0.000000] ACPI: NUMA: SRAT: PXM 3 -> MPIDR 0x3000d0000 -> Node 3
[    0.000000] ACPI: NUMA: SRAT: PXM 3 -> MPIDR 0x3000e0000 -> Node 3
[    0.000000] ACPI: NUMA: SRAT: PXM 3 -> MPIDR 0x3000f0000 -> Node 3
[    0.000000] ACPI: NUMA: SRAT: PXM 4 -> MPIDR 0x400000000 -> Node 4
[    0.000000] ACPI: NUMA: SRAT: PXM 4 -> MPIDR 0x400010000 -> Node 4
[    0.000000] ACPI: NUMA: SRAT: PXM 4 -> MPIDR 0x400020000 -> Node 4
[    0.000000] ACPI: NUMA: SRAT: PXM 4 -> MPIDR 0x400030000 -> Node 4
[    0.000000] ACPI: NUMA: SRAT: PXM 4 -> MPIDR 0x400040000 -> Node 4
[    0.000000] ACPI: NUMA: SRAT: PXM 4 -> MPIDR 0x400050000 -> Node 4
[    0.000000] ACPI: NUMA: SRAT: PXM 4 -> MPIDR 0x400060000 -> Node 4
[    0.000000] ACPI: NUMA: SRAT: PXM 4 -> MPIDR 0x400070000 -> Node 4
[    0.000000] ACPI: NUMA: SRAT: PXM 4 -> MPIDR 0x400080000 -> Node 4
[    0.000000] ACPI: NUMA: SRAT: PXM 4 -> MPIDR 0x400090000 -> Node 4
[    0.000000] ACPI: NUMA: SRAT: PXM 4 -> MPIDR 0x4000a0000 -> Node 4
[    0.000000] ACPI: NUMA: SRAT: PXM 4 -> MPIDR 0x4000b0000 -> Node 4
[    0.000000] ACPI: NUMA: SRAT: PXM 4 -> MPIDR 0x4000c0000 -> Node 4
[    0.000000] ACPI: NUMA: SRAT: PXM 4 -> MPIDR 0x4000d0000 -> Node 4
[    0.000000] ACPI: NUMA: SRAT: PXM 4 -> MPIDR 0x4000e0000 -> Node 4
[    0.000000] ACPI: NUMA: SRAT: PXM 4 -> MPIDR 0x4000f0000 -> Node 4
[    0.000000] ACPI: NUMA: SRAT: PXM 5 -> MPIDR 0x500000000 -> Node 5
[    0.000000] ACPI: NUMA: SRAT: PXM 5 -> MPIDR 0x500010000 -> Node 5
[    0.000000] ACPI: NUMA: SRAT: PXM 5 -> MPIDR 0x500020000 -> Node 5
[    0.000000] ACPI: NUMA: SRAT: PXM 5 -> MPIDR 0x500030000 -> Node 5
[    0.000000] ACPI: NUMA: SRAT: PXM 5 -> MPIDR 0x500040000 -> Node 5
[    0.000000] ACPI: NUMA: SRAT: PXM 5 -> MPIDR 0x500050000 -> Node 5
[    0.000000] ACPI: NUMA: SRAT: PXM 5 -> MPIDR 0x500060000 -> Node 5
[    0.000000] ACPI: NUMA: SRAT: PXM 5 -> MPIDR 0x500070000 -> Node 5
[    0.000000] ACPI: NUMA: SRAT: PXM 5 -> MPIDR 0x500080000 -> Node 5
[    0.000000] ACPI: NUMA: SRAT: PXM 5 -> MPIDR 0x500090000 -> Node 5
[    0.000000] ACPI: NUMA: SRAT: PXM 5 -> MPIDR 0x5000a0000 -> Node 5
[    0.000000] ACPI: NUMA: SRAT: PXM 5 -> MPIDR 0x5000b0000 -> Node 5
[    0.000000] ACPI: NUMA: SRAT: PXM 5 -> MPIDR 0x5000c0000 -> Node 5
[    0.000000] ACPI: NUMA: SRAT: PXM 5 -> MPIDR 0x5000d0000 -> Node 5
[    0.000000] ACPI: NUMA: SRAT: PXM 5 -> MPIDR 0x5000e0000 -> Node 5
[    0.000000] ACPI: NUMA: SRAT: PXM 5 -> MPIDR 0x5000f0000 -> Node 5
[    0.000000] ACPI: NUMA: SRAT: PXM 6 -> MPIDR 0x600000000 -> Node 6
[    0.000000] ACPI: NUMA: SRAT: PXM 6 -> MPIDR 0x600010000 -> Node 6
[    0.000000] ACPI: NUMA: SRAT: PXM 6 -> MPIDR 0x600020000 -> Node 6
[    0.000000] ACPI: NUMA: SRAT: PXM 6 -> MPIDR 0x600030000 -> Node 6
[    0.000000] ACPI: NUMA: SRAT: PXM 6 -> MPIDR 0x600040000 -> Node 6
[    0.000000] ACPI: NUMA: SRAT: PXM 6 -> MPIDR 0x600050000 -> Node 6
[    0.000000] ACPI: NUMA: SRAT: PXM 6 -> MPIDR 0x600060000 -> Node 6
[    0.000000] ACPI: NUMA: SRAT: PXM 6 -> MPIDR 0x600070000 -> Node 6
[    0.000000] ACPI: NUMA: SRAT: PXM 6 -> MPIDR 0x600080000 -> Node 6
[    0.000000] ACPI: NUMA: SRAT: PXM 6 -> MPIDR 0x600090000 -> Node 6
[    0.000000] ACPI: NUMA: SRAT: PXM 6 -> MPIDR 0x6000a0000 -> Node 6
[    0.000000] ACPI: NUMA: SRAT: PXM 6 -> MPIDR 0x6000b0000 -> Node 6
[    0.000000] ACPI: NUMA: SRAT: PXM 6 -> MPIDR 0x6000c0000 -> Node 6
[    0.000000] ACPI: NUMA: SRAT: PXM 6 -> MPIDR 0x6000d0000 -> Node 6
[    0.000000] ACPI: NUMA: SRAT: PXM 6 -> MPIDR 0x6000e0000 -> Node 6
[    0.000000] ACPI: NUMA: SRAT: PXM 6 -> MPIDR 0x6000f0000 -> Node 6
[    0.000000] ACPI: NUMA: SRAT: PXM 7 -> MPIDR 0x700000000 -> Node 7
[    0.000000] ACPI: NUMA: SRAT: PXM 7 -> MPIDR 0x700010000 -> Node 7
[    0.000000] ACPI: NUMA: SRAT: PXM 7 -> MPIDR 0x700020000 -> Node 7
[    0.000000] ACPI: NUMA: SRAT: PXM 7 -> MPIDR 0x700030000 -> Node 7
[    0.000000] ACPI: NUMA: SRAT: PXM 7 -> MPIDR 0x700040000 -> Node 7
[    0.000000] ACPI: NUMA: SRAT: PXM 7 -> MPIDR 0x700050000 -> Node 7
[    0.000000] ACPI: NUMA: SRAT: PXM 7 -> MPIDR 0x700060000 -> Node 7
[    0.000000] ACPI: NUMA: SRAT: PXM 7 -> MPIDR 0x700070000 -> Node 7
[    0.000000] ACPI: NUMA: SRAT: PXM 7 -> MPIDR 0x700080000 -> Node 7
[    0.000000] ACPI: NUMA: SRAT: PXM 7 -> MPIDR 0x700090000 -> Node 7
[    0.000000] ACPI: NUMA: SRAT: PXM 7 -> MPIDR 0x7000a0000 -> Node 7
[    0.000000] ACPI: NUMA: SRAT: PXM 7 -> MPIDR 0x7000b0000 -> Node 7
[    0.000000] ACPI: NUMA: SRAT: PXM 7 -> MPIDR 0x7000c0000 -> Node 7
[    0.000000] ACPI: NUMA: SRAT: PXM 7 -> MPIDR 0x7000d0000 -> Node 7
[    0.000000] ACPI: NUMA: SRAT: PXM 7 -> MPIDR 0x7000e0000 -> Node 7
[    0.000000] ACPI: NUMA: SRAT: PXM 7 -> MPIDR 0x7000f0000 -> Node 7
[    0.000000] percpu: max_distance=0x6fffc0650000 too large for vmalloc space 0x7bdff7ff0000
[    0.000000] percpu: Embedded 10 pages/cpu s602520 r8192 d44648 u655360
[    0.000000] pcpu-alloc: s602520 r8192 d44648 u655360 alloc=10*65536
[    0.000000] pcpu-alloc: [0] 000 [0] 001 [0] 002 [0] 003 
[    0.000000] pcpu-alloc: [0] 004 [0] 005 [0] 006 [0] 007 
[    0.000000] pcpu-alloc: [0] 008 [0] 009 [0] 010 [0] 011 
[    0.000000] pcpu-alloc: [0] 012 [0] 013 [0] 014 [0] 015 
[    0.000000] pcpu-alloc: [1] 016 [1] 017 [1] 018 [1] 019 
[    0.000000] pcpu-alloc: [1] 020 [1] 021 [1] 022 [1] 023 
[    0.000000] pcpu-alloc: [1] 024 [1] 025 [1] 026 [1] 027 
[    0.000000] pcpu-alloc: [1] 028 [1] 029 [1] 030 [1] 031 
[    0.000000] pcpu-alloc: [2] 032 [2] 033 [2] 034 [2] 035 
[    0.000000] pcpu-alloc: [2] 036 [2] 037 [2] 038 [2] 039 
[    0.000000] pcpu-alloc: [2] 040 [2] 041 [2] 042 [2] 043 
[    0.000000] pcpu-alloc: [2] 044 [2] 045 [2] 046 [2] 047 
[    0.000000] pcpu-alloc: [3] 048 [3] 049 [3] 050 [3] 051 
[    0.000000] pcpu-alloc: [3] 052 [3] 053 [3] 054 [3] 055 
[    0.000000] pcpu-alloc: [3] 056 [3] 057 [3] 058 [3] 059 
[    0.000000] pcpu-alloc: [3] 060 [3] 061 [3] 062 [3] 063 
[    0.000000] pcpu-alloc: [4] 064 [4] 065 [4] 066 [4] 067 
[    0.000000] pcpu-alloc: [4] 068 [4] 069 [4] 070 [4] 071 
[    0.000000] pcpu-alloc: [4] 072 [4] 073 [4] 074 [4] 075 
[    0.000000] pcpu-alloc: [4] 076 [4] 077 [4] 078 [4] 079 
[    0.000000] pcpu-alloc: [5] 080 [5] 081 [5] 082 [5] 083 
[    0.000000] pcpu-alloc: [5] 084 [5] 085 [5] 086 [5] 087 
[    0.000000] pcpu-alloc: [5] 088 [5] 089 [5] 090 [5] 091 
[    0.000000] pcpu-alloc: [5] 092 [5] 093 [5] 094 [5] 095 
[    0.000000] pcpu-alloc: [6] 096 [6] 097 [6] 098 [6] 099 
[    0.000000] pcpu-alloc: [6] 100 [6] 101 [6] 102 [6] 103 
[    0.000000] pcpu-alloc: [6] 104 [6] 105 [6] 106 [6] 107 
[    0.000000] pcpu-alloc: [6] 108 [6] 109 [6] 110 [6] 111 
[    0.000000] pcpu-alloc: [7] 112 [7] 113 [7] 114 [7] 115 
[    0.000000] pcpu-alloc: [7] 116 [7] 117 [7] 118 [7] 119 
[    0.000000] pcpu-alloc: [7] 120 [7] 121 [7] 122 [7] 123 
[    0.000000] pcpu-alloc: [7] 124 [7] 125 [7] 126 [7] 127 
[    0.000000] Detected PIPT I-cache on CPU0
[    0.000000] CPU features: enabling workaround for Mismatched cache type
[    0.000000] CPU features: detected: GIC system register CPU interface
[    0.000000] CPU features: detected: Virtualization Host Extensions
[    0.000000] CPU features: detected: Hardware dirty bit management
[    0.000000] CPU features: detected: Speculative Store Bypassing Safe (SSBS)
[    0.000000] alternatives: patching kernel code
[    0.000000] Built 8 zonelists, mobility grouping on.  Total pages: 16759824
[    0.000000] Policy zone: Normal
[    0.000000] Kernel command line: BOOT_IMAGE=/vmlinuz-4.19.90-85.0.v2307.ky10.aarch64 root=/dev/mapper/klas-root ro rd.lvm.lv=klas/root rd.lvm.lv=klas/swap video=VGA-1:640x480-32@60me rhgb quiet console=tty0 crashkernel=1024M,high smmu.bypassdev=0x1000:0x17 smmu.bypassdev=0x1000:0x15 video=efifb:off audit=0
[    0.000000] audit: disabled (until reboot)
[    0.000000] software IO TLB: mapped [mem 0xf6f50000-0xfaf50000] (64MB)
[    0.000000] Memory: 1071073792K/1073677312K available (13180K kernel code, 5948K rwdata, 6656K rodata, 7744K init, 4264K bss, 2603520K reserved, 0K cma-reserved)
[    0.000000] SLUB: HWalign=64, Order=0-3, MinObjects=0, CPUs=128, Nodes=8
[    0.000000] ftrace: allocating 42564 entries in 11 pages
[    0.000000] rcu: Hierarchical RCU implementation.
[    0.000000] rcu: 	RCU restricting CPUs from NR_CPUS=1024 to nr_cpu_ids=128.
[    0.000000] rcu: Adjusting geometry for rcu_fanout_leaf=16, nr_cpu_ids=128
[    0.000000] NR_IRQS: 64, nr_irqs: 64, preallocated irqs: 0
[    0.000000] GICv3: GIC: Using split EOI/Deactivate mode
[    0.000000] GICv3: Distributor has no Range Selector support
[    0.000000] GICv3: no VLPI support, no direct LPI support
[    0.000000] GICv3: CPU0: found redistributor 0 region 0:0x00000000220c0000
[    0.000000] SRAT: PXM 0 -> ITS 0 -> Node 0
[    0.000000] SRAT: PXM 0 -> ITS 1 -> Node 0
[    0.000000] SRAT: PXM 0 -> ITS 2 -> Node 0
[    0.000000] SRAT: PXM 0 -> ITS 3 -> Node 0
[    0.000000] SRAT: PXM 1 -> ITS 4 -> Node 1
[    0.000000] SRAT: PXM 1 -> ITS 5 -> Node 1
[    0.000000] SRAT: PXM 1 -> ITS 6 -> Node 1
[    0.000000] SRAT: PXM 1 -> ITS 7 -> Node 1
[    0.000000] SRAT: PXM 2 -> ITS 8 -> Node 2
[    0.000000] SRAT: PXM 2 -> ITS 9 -> Node 2
[    0.000000] SRAT: PXM 2 -> ITS 10 -> Node 2
[    0.000000] SRAT: PXM 2 -> ITS 11 -> Node 2
[    0.000000] SRAT: PXM 3 -> ITS 12 -> Node 3
[    0.000000] SRAT: PXM 3 -> ITS 13 -> Node 3
[    0.000000] SRAT: PXM 3 -> ITS 14 -> Node 3
[    0.000000] SRAT: PXM 3 -> ITS 15 -> Node 3
[    0.000000] SRAT: PXM 4 -> ITS 16 -> Node 4
[    0.000000] SRAT: PXM 4 -> ITS 17 -> Node 4
[    0.000000] SRAT: PXM 4 -> ITS 18 -> Node 4
[    0.000000] SRAT: PXM 4 -> ITS 19 -> Node 4
[    0.000000] SRAT: PXM 5 -> ITS 20 -> Node 5
[    0.000000] SRAT: PXM 5 -> ITS 21 -> Node 5
[    0.000000] SRAT: PXM 5 -> ITS 22 -> Node 5
[    0.000000] SRAT: PXM 5 -> ITS 23 -> Node 5
[    0.000000] SRAT: PXM 6 -> ITS 24 -> Node 6
[    0.000000] SRAT: PXM 6 -> ITS 25 -> Node 6
[    0.000000] SRAT: PXM 6 -> ITS 26 -> Node 6
[    0.000000] SRAT: PXM 6 -> ITS 27 -> Node 6
[    0.000000] SRAT: PXM 7 -> ITS 28 -> Node 7
[    0.000000] SRAT: PXM 7 -> ITS 29 -> Node 7
[    0.000000] SRAT: PXM 7 -> ITS 30 -> Node 7
[    0.000000] SRAT: PXM 7 -> ITS 31 -> Node 7
[    0.000000] ITS [mem 0x22040000-0x2205ffff]
[    0.000000] ITS@0x0000000022040000: allocated 8192 Devices @10000320000 (indirect, esz 8, psz 64K, shr 1)
[    0.000000] ITS@0x0000000022040000: allocated 32768 Interrupt Collections @10000330000 (flat, esz 2, psz 64K, shr 1)
[    0.000000] ITS [mem 0x22060000-0x2207ffff]
[    0.000000] ITS@0x0000000022060000: allocated 8192 Devices @10000350000 (indirect, esz 8, psz 64K, shr 1)
[    0.000000] ITS@0x0000000022060000: allocated 32768 Interrupt Collections @10000360000 (flat, esz 2, psz 64K, shr 1)
[    0.000000] ITS [mem 0x22080000-0x2209ffff]
[    0.000000] ITS@0x0000000022080000: allocated 8192 Devices @10000380000 (indirect, esz 8, psz 64K, shr 1)
[    0.000000] ITS@0x0000000022080000: allocated 32768 Interrupt Collections @10000390000 (flat, esz 2, psz 64K, shr 1)
[    0.000000] ITS [mem 0x220a0000-0x220bffff]
[    0.000000] ITS@0x00000000220a0000: allocated 8192 Devices @100003b0000 (indirect, esz 8, psz 64K, shr 1)
[    0.000000] ITS@0x00000000220a0000: allocated 32768 Interrupt Collections @100003c0000 (flat, esz 2, psz 64K, shr 1)
[    0.000000] ITS [mem 0x100022040000-0x10002205ffff]
[    0.000000] ITS@0x0000100022040000: allocated 8192 Devices @100080020000 (indirect, esz 8, psz 64K, shr 1)
[    0.000000] ITS@0x0000100022040000: allocated 32768 Interrupt Collections @100080030000 (flat, esz 2, psz 64K, shr 1)
[    0.000000] ITS [mem 0x100022060000-0x10002207ffff]
[    0.000000] ITS@0x0000100022060000: allocated 8192 Devices @100080050000 (indirect, esz 8, psz 64K, shr 1)
[    0.000000] ITS@0x0000100022060000: allocated 32768 Interrupt Collections @100080060000 (flat, esz 2, psz 64K, shr 1)
[    0.000000] ITS [mem 0x100022080000-0x10002209ffff]
[    0.000000] ITS@0x0000100022080000: allocated 8192 Devices @100080080000 (indirect, esz 8, psz 64K, shr 1)
[    0.000000] ITS@0x0000100022080000: allocated 32768 Interrupt Collections @100080090000 (flat, esz 2, psz 64K, shr 1)
[    0.000000] ITS [mem 0x1000220a0000-0x1000220bffff]
[    0.000000] ITS@0x00001000220a0000: allocated 8192 Devices @1000800b0000 (indirect, esz 8, psz 64K, shr 1)
[    0.000000] ITS@0x00001000220a0000: allocated 32768 Interrupt Collections @1000800c0000 (flat, esz 2, psz 64K, shr 1)
[    0.000000] ITS [mem 0x200022040000-0x20002205ffff]
[    0.000000] ITS@0x0000200022040000: allocated 8192 Devices @200080020000 (indirect, esz 8, psz 64K, shr 1)
[    0.000000] ITS@0x0000200022040000: allocated 32768 Interrupt Collections @200080030000 (flat, esz 2, psz 64K, shr 1)
[    0.000000] ITS [mem 0x200022060000-0x20002207ffff]
[    0.000000] ITS@0x0000200022060000: allocated 8192 Devices @200080050000 (indirect, esz 8, psz 64K, shr 1)
[    0.000000] ITS@0x0000200022060000: allocated 32768 Interrupt Collections @200080060000 (flat, esz 2, psz 64K, shr 1)
[    0.000000] ITS [mem 0x200022080000-0x20002209ffff]
[    0.000000] ITS@0x0000200022080000: allocated 8192 Devices @200080080000 (indirect, esz 8, psz 64K, shr 1)
[    0.000000] ITS@0x0000200022080000: allocated 32768 Interrupt Collections @200080090000 (flat, esz 2, psz 64K, shr 1)
[    0.000000] ITS [mem 0x2000220a0000-0x2000220bffff]
[    0.000000] ITS@0x00002000220a0000: allocated 8192 Devices @2000800b0000 (indirect, esz 8, psz 64K, shr 1)
[    0.000000] ITS@0x00002000220a0000: allocated 32768 Interrupt Collections @2000800c0000 (flat, esz 2, psz 64K, shr 1)
[    0.000000] ITS [mem 0x300022040000-0x30002205ffff]
[    0.000000] ITS@0x0000300022040000: allocated 8192 Devices @300080020000 (indirect, esz 8, psz 64K, shr 1)
[    0.000000] ITS@0x0000300022040000: allocated 32768 Interrupt Collections @300080030000 (flat, esz 2, psz 64K, shr 1)
[    0.000000] ITS [mem 0x300022060000-0x30002207ffff]
[    0.000000] ITS@0x0000300022060000: allocated 8192 Devices @300080050000 (indirect, esz 8, psz 64K, shr 1)
[    0.000000] ITS@0x0000300022060000: allocated 32768 Interrupt Collections @300080060000 (flat, esz 2, psz 64K, shr 1)
[    0.000000] ITS [mem 0x300022080000-0x30002209ffff]
[    0.000000] ITS@0x0000300022080000: allocated 8192 Devices @300080080000 (indirect, esz 8, psz 64K, shr 1)
[    0.000000] ITS@0x0000300022080000: allocated 32768 Interrupt Collections @300080090000 (flat, esz 2, psz 64K, shr 1)
[    0.000000] ITS [mem 0x3000220a0000-0x3000220bffff]
[    0.000000] ITS@0x00003000220a0000: allocated 8192 Devices @3000800b0000 (indirect, esz 8, psz 64K, shr 1)
[    0.000000] ITS@0x00003000220a0000: allocated 32768 Interrupt Collections @3000800c0000 (flat, esz 2, psz 64K, shr 1)
[    0.000000] ITS [mem 0x400022040000-0x40002205ffff]
[    0.000000] ITS@0x0000400022040000: allocated 8192 Devices @400080020000 (indirect, esz 8, psz 64K, shr 1)
[    0.000000] ITS@0x0000400022040000: allocated 32768 Interrupt Collections @400080030000 (flat, esz 2, psz 64K, shr 1)
[    0.000000] ITS [mem 0x400022060000-0x40002207ffff]
[    0.000000] ITS@0x0000400022060000: allocated 8192 Devices @400080050000 (indirect, esz 8, psz 64K, shr 1)
[    0.000000] ITS@0x0000400022060000: allocated 32768 Interrupt Collections @400080060000 (flat, esz 2, psz 64K, shr 1)
[    0.000000] ITS [mem 0x400022080000-0x40002209ffff]
[    0.000000] ITS@0x0000400022080000: allocated 8192 Devices @400080080000 (indirect, esz 8, psz 64K, shr 1)
[    0.000000] ITS@0x0000400022080000: allocated 32768 Interrupt Collections @400080090000 (flat, esz 2, psz 64K, shr 1)
[    0.000000] ITS [mem 0x4000220a0000-0x4000220bffff]
[    0.000000] ITS@0x00004000220a0000: allocated 8192 Devices @4000800b0000 (indirect, esz 8, psz 64K, shr 1)
[    0.000000] ITS@0x00004000220a0000: allocated 32768 Interrupt Collections @4000800c0000 (flat, esz 2, psz 64K, shr 1)
[    0.000000] ITS [mem 0x500022040000-0x50002205ffff]
[    0.000000] ITS@0x0000500022040000: allocated 8192 Devices @500080020000 (indirect, esz 8, psz 64K, shr 1)
[    0.000000] ITS@0x0000500022040000: allocated 32768 Interrupt Collections @500080030000 (flat, esz 2, psz 64K, shr 1)
[    0.000000] ITS [mem 0x500022060000-0x50002207ffff]
[    0.000000] ITS@0x0000500022060000: allocated 8192 Devices @500080050000 (indirect, esz 8, psz 64K, shr 1)
[    0.000000] ITS@0x0000500022060000: allocated 32768 Interrupt Collections @500080060000 (flat, esz 2, psz 64K, shr 1)
[    0.000000] ITS [mem 0x500022080000-0x50002209ffff]
[    0.000000] ITS@0x0000500022080000: allocated 8192 Devices @500080080000 (indirect, esz 8, psz 64K, shr 1)
[    0.000000] ITS@0x0000500022080000: allocated 32768 Interrupt Collections @500080090000 (flat, esz 2, psz 64K, shr 1)
[    0.000000] ITS [mem 0x5000220a0000-0x5000220bffff]
[    0.000000] ITS@0x00005000220a0000: allocated 8192 Devices @5000800b0000 (indirect, esz 8, psz 64K, shr 1)
[    0.000000] ITS@0x00005000220a0000: allocated 32768 Interrupt Collections @5000800c0000 (flat, esz 2, psz 64K, shr 1)
[    0.000000] ITS [mem 0x600022040000-0x60002205ffff]
[    0.000000] ITS@0x0000600022040000: allocated 8192 Devices @600080020000 (indirect, esz 8, psz 64K, shr 1)
[    0.000000] ITS@0x0000600022040000: allocated 32768 Interrupt Collections @600080030000 (flat, esz 2, psz 64K, shr 1)
[    0.000000] ITS [mem 0x600022060000-0x60002207ffff]
[    0.000000] ITS@0x0000600022060000: allocated 8192 Devices @600080050000 (indirect, esz 8, psz 64K, shr 1)
[    0.000000] ITS@0x0000600022060000: allocated 32768 Interrupt Collections @600080060000 (flat, esz 2, psz 64K, shr 1)
[    0.000000] ITS [mem 0x600022080000-0x60002209ffff]
[    0.000000] ITS@0x0000600022080000: allocated 8192 Devices @600080080000 (indirect, esz 8, psz 64K, shr 1)
[    0.000000] ITS@0x0000600022080000: allocated 32768 Interrupt Collections @600080090000 (flat, esz 2, psz 64K, shr 1)
[    0.000000] ITS [mem 0x6000220a0000-0x6000220bffff]
[    0.000000] ITS@0x00006000220a0000: allocated 8192 Devices @6000800b0000 (indirect, esz 8, psz 64K, shr 1)
[    0.000000] ITS@0x00006000220a0000: allocated 32768 Interrupt Collections @6000800c0000 (flat, esz 2, psz 64K, shr 1)
[    0.000000] ITS [mem 0x700022040000-0x70002205ffff]
[    0.000000] ITS@0x0000700022040000: allocated 8192 Devices @700080020000 (indirect, esz 8, psz 64K, shr 1)
[    0.000000] ITS@0x0000700022040000: allocated 32768 Interrupt Collections @700080030000 (flat, esz 2, psz 64K, shr 1)
[    0.000000] ITS [mem 0x700022060000-0x70002207ffff]
[    0.000000] ITS@0x0000700022060000: allocated 8192 Devices @700080050000 (indirect, esz 8, psz 64K, shr 1)
[    0.000000] ITS@0x0000700022060000: allocated 32768 Interrupt Collections @700080060000 (flat, esz 2, psz 64K, shr 1)
[    0.000000] ITS [mem 0x700022080000-0x70002209ffff]
[    0.000000] ITS@0x0000700022080000: allocated 8192 Devices @700080080000 (indirect, esz 8, psz 64K, shr 1)
[    0.000000] ITS@0x0000700022080000: allocated 32768 Interrupt Collections @700080090000 (flat, esz 2, psz 64K, shr 1)
[    0.000000] ITS [mem 0x7000220a0000-0x7000220bffff]
[    0.000000] ITS@0x00007000220a0000: allocated 8192 Devices @7000800b0000 (indirect, esz 8, psz 64K, shr 1)
[    0.000000] ITS@0x00007000220a0000: allocated 32768 Interrupt Collections @7000800c0000 (flat, esz 2, psz 64K, shr 1)
[    0.000000] GICv3: using LPI property table @0x00000100003d0000
[    0.000000] GICv3: CPU0: using allocated LPI pending table @0x00000100003f0000
[    0.000000] rcu: 	Offload RCU callbacks from CPUs: (none).
[    0.000000] arch_timer: cp15 timer(s) running at 1000.00MHz (phys).
[    0.000000] clocksource: arch_sys_counter: mask: 0xffffffffffffff max_cycles: 0x1cd42e4dffb, max_idle_ns: 881590591483 ns
[    0.000001] sched_clock: 56 bits at 1000MHz, resolution 1ns, wraps every 4398046511103ns
[    0.000153] Console: colour dummy device 80x25
[    0.000160] console [tty0] enabled
[    0.000579] mempolicy: Enabling automatic NUMA balancing. Configure with numa_balancing= or the kernel.numa_balancing sysctl
[    0.000594] ACPI: Core revision 20180810
[    0.001274] Calibrating delay loop (skipped), value calculated using timer frequency.. 2000.00 BogoMIPS (lpj=10000000)
[    0.001276] pid_max: default: 131072 minimum: 1024
[    0.002792] Security Framework initialized
[    0.002794] LSM: module capability registered, index 0
[    0.002796] KYSEC: Disabled.
[    0.002909] Box:  Disabled.
[    0.002910] AppArmor: AppArmor disabled by boot time parameter
[    0.002911] KIC: Disabled.
[    0.011796] Dentry cache hash table entries: 33554432 (order: 12, 268435456 bytes)
[    0.016182] Inode-cache hash table entries: 16777216 (order: 11, 134217728 bytes)
[    0.016541] Mount-cache hash table entries: 524288 (order: 6, 4194304 bytes)
[    0.016676] Mountpoint-cache hash table entries: 524288 (order: 6, 4194304 bytes)
[    0.020785] ASID allocator initialised with 32768 entries
[    0.020802] rcu: Hierarchical SRCU implementation.
[    0.021179] Platform MSI: ITS@0x22040000 domain created
[    0.021181] Platform MSI: ITS@0x22060000 domain created
[    0.021183] Platform MSI: ITS@0x22080000 domain created
[    0.021184] Platform MSI: ITS@0x220a0000 domain created
[    0.021186] Platform MSI: ITS@0x100022040000 domain created
[    0.021188] Platform MSI: ITS@0x100022060000 domain created
[    0.021189] Platform MSI: ITS@0x100022080000 domain created
[    0.021191] Platform MSI: ITS@0x1000220a0000 domain created
[    0.021192] Platform MSI: ITS@0x200022040000 domain created
[    0.021194] Platform MSI: ITS@0x200022060000 domain created
[    0.021195] Platform MSI: ITS@0x200022080000 domain created
[    0.021197] Platform MSI: ITS@0x2000220a0000 domain created
[    0.021198] Platform MSI: ITS@0x300022040000 domain created
[    0.021200] Platform MSI: ITS@0x300022060000 domain created
[    0.021201] Platform MSI: ITS@0x300022080000 domain created
[    0.021202] Platform MSI: ITS@0x3000220a0000 domain created
[    0.021204] Platform MSI: ITS@0x400022040000 domain created
[    0.021205] Platform MSI: ITS@0x400022060000 domain created
[    0.021207] Platform MSI: ITS@0x400022080000 domain created
[    0.021208] Platform MSI: ITS@0x4000220a0000 domain created
[    0.021209] Platform MSI: ITS@0x500022040000 domain created
[    0.021211] Platform MSI: ITS@0x500022060000 domain created
[    0.021212] Platform MSI: ITS@0x500022080000 domain created
[    0.021213] Platform MSI: ITS@0x5000220a0000 domain created
[    0.021215] Platform MSI: ITS@0x600022040000 domain created
[    0.021216] Platform MSI: ITS@0x600022060000 domain created
[    0.021217] Platform MSI: ITS@0x600022080000 domain created
[    0.021219] Platform MSI: ITS@0x6000220a0000 domain created
[    0.021220] Platform MSI: ITS@0x700022040000 domain created
[    0.021222] Platform MSI: ITS@0x700022060000 domain created
[    0.021223] Platform MSI: ITS@0x700022080000 domain created
[    0.021224] Platform MSI: ITS@0x7000220a0000 domain created
[    0.021228] PCI/MSI: ITS@0x22040000 domain created
[    0.021230] PCI/MSI: ITS@0x22060000 domain created
[    0.021231] PCI/MSI: ITS@0x22080000 domain created
[    0.021233] PCI/MSI: ITS@0x220a0000 domain created
[    0.021234] PCI/MSI: ITS@0x100022040000 domain created
[    0.021236] PCI/MSI: ITS@0x100022060000 domain created
[    0.021238] PCI/MSI: ITS@0x100022080000 domain created
[    0.021239] PCI/MSI: ITS@0x1000220a0000 domain created
[    0.021240] PCI/MSI: ITS@0x200022040000 domain created
[    0.021242] PCI/MSI: ITS@0x200022060000 domain created
[    0.021243] PCI/MSI: ITS@0x200022080000 domain created
[    0.021245] PCI/MSI: ITS@0x2000220a0000 domain created
[    0.021256] PCI/MSI: ITS@0x300022040000 domain created
[    0.021258] PCI/MSI: ITS@0x300022060000 domain created
[    0.021260] PCI/MSI: ITS@0x300022080000 domain created
[    0.021261] PCI/MSI: ITS@0x3000220a0000 domain created
[    0.021263] PCI/MSI: ITS@0x400022040000 domain created
[    0.021265] PCI/MSI: ITS@0x400022060000 domain created
[    0.021266] PCI/MSI: ITS@0x400022080000 domain created
[    0.021268] PCI/MSI: ITS@0x4000220a0000 domain created
[    0.021270] PCI/MSI: ITS@0x500022040000 domain created
[    0.021271] PCI/MSI: ITS@0x500022060000 domain created
[    0.021273] PCI/MSI: ITS@0x500022080000 domain created
[    0.021274] PCI/MSI: ITS@0x5000220a0000 domain created
[    0.021276] PCI/MSI: ITS@0x600022040000 domain created
[    0.021277] PCI/MSI: ITS@0x600022060000 domain created
[    0.021279] PCI/MSI: ITS@0x600022080000 domain created
[    0.021281] PCI/MSI: ITS@0x6000220a0000 domain created
[    0.021282] PCI/MSI: ITS@0x700022040000 domain created
[    0.021284] PCI/MSI: ITS@0x700022060000 domain created
[    0.021285] PCI/MSI: ITS@0x700022080000 domain created
[    0.021287] PCI/MSI: ITS@0x7000220a0000 domain created
[    0.021296] Remapping and enabling EFI services.
[    0.022692] smp: Bringing up secondary CPUs ...
[    0.346425] Detected PIPT I-cache on CPU1
[    0.346436] GICv3: CPU1: found redistributor 10000 region 1:0x00000000220e0000
[    0.346469] GICv3: CPU1: using allocated LPI pending table @0x0000010000400000
[    0.346665] CPU1: Booted secondary processor 0x0000010000 [0x700f8620]
[    0.360133] Detected PIPT I-cache on CPU2
[    0.360141] GICv3: CPU2: found redistributor 20000 region 2:0x0000000022100000
[    0.360175] GICv3: CPU2: using allocated LPI pending table @0x0000010000410000
[    0.360369] CPU2: Booted secondary processor 0x0000020000 [0x700f8620]
[    0.373838] Detected PIPT I-cache on CPU3
[    0.373846] GICv3: CPU3: found redistributor 30000 region 3:0x0000000022120000
[    0.373878] GICv3: CPU3: using allocated LPI pending table @0x0000010000420000
[    0.374073] CPU3: Booted secondary processor 0x0000030000 [0x700f8620]
[    0.387549] Detected PIPT I-cache on CPU4
[    0.387556] GICv3: CPU4: found redistributor 40000 region 4:0x0000000022140000
[    0.387589] GICv3: CPU4: using allocated LPI pending table @0x0000010000430000
[    0.387785] CPU4: Booted secondary processor 0x0000040000 [0x700f8620]
[    0.401258] Detected PIPT I-cache on CPU5
[    0.401266] GICv3: CPU5: found redistributor 50000 region 5:0x0000000022160000
[    0.401299] GICv3: CPU5: using allocated LPI pending table @0x0000010000440000
[    0.401495] CPU5: Booted secondary processor 0x0000050000 [0x700f8620]
[    0.414968] Detected PIPT I-cache on CPU6
[    0.414976] GICv3: CPU6: found redistributor 60000 region 6:0x0000000022180000
[    0.415009] GICv3: CPU6: using allocated LPI pending table @0x0000010000450000
[    0.415205] CPU6: Booted secondary processor 0x0000060000 [0x700f8620]
[    0.428678] Detected PIPT I-cache on CPU7
[    0.428686] GICv3: CPU7: found redistributor 70000 region 7:0x00000000221a0000
[    0.428719] GICv3: CPU7: using allocated LPI pending table @0x0000010000460000
[    0.428916] CPU7: Booted secondary processor 0x0000070000 [0x700f8620]
[    0.442387] Detected PIPT I-cache on CPU8
[    0.442395] GICv3: CPU8: found redistributor 80000 region 8:0x00000000221c0000
[    0.442429] GICv3: CPU8: using allocated LPI pending table @0x0000010000470000
[    0.442628] CPU8: Booted secondary processor 0x0000080000 [0x700f8620]
[    0.456096] Detected PIPT I-cache on CPU9
[    0.456105] GICv3: CPU9: found redistributor 90000 region 9:0x00000000221e0000
[    0.456141] GICv3: CPU9: using allocated LPI pending table @0x0000010000480000
[    0.456340] CPU9: Booted secondary processor 0x0000090000 [0x700f8620]
[    0.469806] Detected PIPT I-cache on CPU10
[    0.469815] GICv3: CPU10: found redistributor a0000 region 10:0x0000000022200000
[    0.469850] GICv3: CPU10: using allocated LPI pending table @0x0000010000490000
[    0.470049] CPU10: Booted secondary processor 0x00000a0000 [0x700f8620]
[    0.483516] Detected PIPT I-cache on CPU11
[    0.483525] GICv3: CPU11: found redistributor b0000 region 11:0x0000000022220000
[    0.483559] GICv3: CPU11: using allocated LPI pending table @0x00000100004a0000
[    0.483758] CPU11: Booted secondary processor 0x00000b0000 [0x700f8620]
[    0.497226] Detected PIPT I-cache on CPU12
[    0.497235] GICv3: CPU12: found redistributor c0000 region 12:0x0000000022240000
[    0.497257] GICv3: CPU12: using allocated LPI pending table @0x00000100004b0000
[    0.497459] CPU12: Booted secondary processor 0x00000c0000 [0x700f8620]
[    0.510936] Detected PIPT I-cache on CPU13
[    0.510945] GICv3: CPU13: found redistributor d0000 region 13:0x0000000022260000
[    0.510982] GICv3: CPU13: using allocated LPI pending table @0x00000100004c0000
[    0.511184] CPU13: Booted secondary processor 0x00000d0000 [0x700f8620]
[    0.524646] Detected PIPT I-cache on CPU14
[    0.524655] GICv3: CPU14: found redistributor e0000 region 14:0x0000000022280000
[    0.524690] GICv3: CPU14: using allocated LPI pending table @0x00000100004d0000
[    0.524891] CPU14: Booted secondary processor 0x00000e0000 [0x700f8620]
[    0.538356] Detected PIPT I-cache on CPU15
[    0.538365] GICv3: CPU15: found redistributor f0000 region 15:0x00000000222a0000
[    0.538400] GICv3: CPU15: using allocated LPI pending table @0x00000100004e0000
[    0.538601] CPU15: Booted secondary processor 0x00000f0000 [0x700f8620]
[    0.552522] Detected PIPT I-cache on CPU16
[    0.552544] GICv3: CPU16: found redistributor 100000000 region 16:0x00001000220c0000
[    0.552584] GICv3: CPU16: using allocated LPI pending table @0x00000100004f0000
[    0.552799] CPU16: Booted secondary processor 0x0100000000 [0x700f8620]
[    0.566666] Detected PIPT I-cache on CPU17
[    0.566694] GICv3: CPU17: found redistributor 100010000 region 17:0x00001000220e0000
[    0.566731] GICv3: CPU17: using allocated LPI pending table @0x0000010000500000
[    0.566967] CPU17: Booted secondary processor 0x0100010000 [0x700f8620]
[    0.580807] Detected PIPT I-cache on CPU18
[    0.580830] GICv3: CPU18: found redistributor 100020000 region 18:0x0000100022100000
[    0.580868] GICv3: CPU18: using allocated LPI pending table @0x0000010000510000
[    0.581110] CPU18: Booted secondary processor 0x0100020000 [0x700f8620]
[    0.594950] Detected PIPT I-cache on CPU19
[    0.594975] GICv3: CPU19: found redistributor 100030000 region 19:0x0000100022120000
[    0.595015] GICv3: CPU19: using allocated LPI pending table @0x0000010000520000
[    0.595263] CPU19: Booted secondary processor 0x0100030000 [0x700f8620]
[    0.609095] Detected PIPT I-cache on CPU20
[    0.609119] GICv3: CPU20: found redistributor 100040000 region 20:0x0000100022140000
[    0.609156] GICv3: CPU20: using allocated LPI pending table @0x0000010000530000
[    0.609395] CPU20: Booted secondary processor 0x0100040000 [0x700f8620]
[    0.623238] Detected PIPT I-cache on CPU21
[    0.623263] GICv3: CPU21: found redistributor 100050000 region 21:0x0000100022160000
[    0.623301] GICv3: CPU21: using allocated LPI pending table @0x0000010000540000
[    0.623550] CPU21: Booted secondary processor 0x0100050000 [0x700f8620]
[    0.637382] Detected PIPT I-cache on CPU22
[    0.637407] GICv3: CPU22: found redistributor 100060000 region 22:0x0000100022180000
[    0.637446] GICv3: CPU22: using allocated LPI pending table @0x0000010000550000
[    0.637694] CPU22: Booted secondary processor 0x0100060000 [0x700f8620]
[    0.651524] Detected PIPT I-cache on CPU23
[    0.651550] GICv3: CPU23: found redistributor 100070000 region 23:0x00001000221a0000
[    0.651591] GICv3: CPU23: using allocated LPI pending table @0x0000010000560000
[    0.651839] CPU23: Booted secondary processor 0x0100070000 [0x700f8620]
[    0.665670] Detected PIPT I-cache on CPU24
[    0.665696] GICv3: CPU24: found redistributor 100080000 region 24:0x00001000221c0000
[    0.665733] GICv3: CPU24: using allocated LPI pending table @0x0000010000570000
[    0.665975] CPU24: Booted secondary processor 0x0100080000 [0x700f8620]
[    0.679813] Detected PIPT I-cache on CPU25
[    0.679840] GICv3: CPU25: found redistributor 100090000 region 25:0x00001000221e0000
[    0.679879] GICv3: CPU25: using allocated LPI pending table @0x0000010000580000
[    0.680134] CPU25: Booted secondary processor 0x0100090000 [0x700f8620]
[    0.693957] Detected PIPT I-cache on CPU26
[    0.693984] GICv3: CPU26: found redistributor 1000a0000 region 26:0x0000100022200000
[    0.694025] GICv3: CPU26: using allocated LPI pending table @0x0000010000590000
[    0.694280] CPU26: Booted secondary processor 0x01000a0000 [0x700f8620]
[    0.708100] Detected PIPT I-cache on CPU27
[    0.708127] GICv3: CPU27: found redistributor 1000b0000 region 27:0x0000100022220000
[    0.708166] GICv3: CPU27: using allocated LPI pending table @0x00000100005a0000
[    0.708419] CPU27: Booted secondary processor 0x01000b0000 [0x700f8620]
[    0.722245] Detected PIPT I-cache on CPU28
[    0.722274] GICv3: CPU28: found redistributor 1000c0000 region 28:0x0000100022240000
[    0.722314] GICv3: CPU28: using allocated LPI pending table @0x00000100005b0000
[    0.722560] CPU28: Booted secondary processor 0x01000c0000 [0x700f8620]
[    0.736389] Detected PIPT I-cache on CPU29
[    0.736416] GICv3: CPU29: found redistributor 1000d0000 region 29:0x0000100022260000
[    0.736459] GICv3: CPU29: using allocated LPI pending table @0x00000100005c0000
[    0.736720] CPU29: Booted secondary processor 0x01000d0000 [0x700f8620]
[    0.750532] Detected PIPT I-cache on CPU30
[    0.750562] GICv3: CPU30: found redistributor 1000e0000 region 30:0x0000100022280000
[    0.750601] GICv3: CPU30: using allocated LPI pending table @0x00000100005d0000
[    0.750863] CPU30: Booted secondary processor 0x01000e0000 [0x700f8620]
[    0.764676] Detected PIPT I-cache on CPU31
[    0.764704] GICv3: CPU31: found redistributor 1000f0000 region 31:0x00001000222a0000
[    0.764744] GICv3: CPU31: using allocated LPI pending table @0x00000100005e0000
[    0.764999] CPU31: Booted secondary processor 0x01000f0000 [0x700f8620]
[    0.778817] Detected PIPT I-cache on CPU32
[    0.778848] GICv3: CPU32: found redistributor 200000000 region 32:0x00002000220c0000
[    0.778894] GICv3: CPU32: using allocated LPI pending table @0x00000100005f0000
[    0.779132] CPU32: Booted secondary processor 0x0200000000 [0x700f8620]
[    0.792961] Detected PIPT I-cache on CPU33
[    0.792993] GICv3: CPU33: found redistributor 200010000 region 33:0x00002000220e0000
[    0.793040] GICv3: CPU33: using allocated LPI pending table @0x0000010000600000
[    0.793280] CPU33: Booted secondary processor 0x0200010000 [0x700f8620]
[    0.807104] Detected PIPT I-cache on CPU34
[    0.807136] GICv3: CPU34: found redistributor 200020000 region 34:0x0000200022100000
[    0.807183] GICv3: CPU34: using allocated LPI pending table @0x0000010000610000
[    0.807431] CPU34: Booted secondary processor 0x0200020000 [0x700f8620]
[    0.821247] Detected PIPT I-cache on CPU35
[    0.821279] GICv3: CPU35: found redistributor 200030000 region 35:0x0000200022120000
[    0.821327] GICv3: CPU35: using allocated LPI pending table @0x0000010000620000
[    0.821577] CPU35: Booted secondary processor 0x0200030000 [0x700f8620]
[    0.835392] Detected PIPT I-cache on CPU36
[    0.835424] GICv3: CPU36: found redistributor 200040000 region 36:0x0000200022140000
[    0.835473] GICv3: CPU36: using allocated LPI pending table @0x0000010000630000
[    0.835716] CPU36: Booted secondary processor 0x0200040000 [0x700f8620]
[    0.849535] Detected PIPT I-cache on CPU37
[    0.849568] GICv3: CPU37: found redistributor 200050000 region 37:0x0000200022160000
[    0.849616] GICv3: CPU37: using allocated LPI pending table @0x0000010000640000
[    0.849868] CPU37: Booted secondary processor 0x0200050000 [0x700f8620]
[    0.863679] Detected PIPT I-cache on CPU38
[    0.863712] GICv3: CPU38: found redistributor 200060000 region 38:0x0000200022180000
[    0.863761] GICv3: CPU38: using allocated LPI pending table @0x0000010000650000
[    0.864011] CPU38: Booted secondary processor 0x0200060000 [0x700f8620]
[    0.877822] Detected PIPT I-cache on CPU39
[    0.877855] GICv3: CPU39: found redistributor 200070000 region 39:0x00002000221a0000
[    0.877904] GICv3: CPU39: using allocated LPI pending table @0x0000010000660000
[    0.878154] CPU39: Booted secondary processor 0x0200070000 [0x700f8620]
[    0.891968] Detected PIPT I-cache on CPU40
[    0.892002] GICv3: CPU40: found redistributor 200080000 region 40:0x00002000221c0000
[    0.892052] GICv3: CPU40: using allocated LPI pending table @0x0000010000670000
[    0.892298] CPU40: Booted secondary processor 0x0200080000 [0x700f8620]
[    0.906111] Detected PIPT I-cache on CPU41
[    0.906145] GICv3: CPU41: found redistributor 200090000 region 41:0x00002000221e0000
[    0.906195] GICv3: CPU41: using allocated LPI pending table @0x0000010000680000
[    0.906451] CPU41: Booted secondary processor 0x0200090000 [0x700f8620]
[    0.920255] Detected PIPT I-cache on CPU42
[    0.920288] GICv3: CPU42: found redistributor 2000a0000 region 42:0x0000200022200000
[    0.920338] GICv3: CPU42: using allocated LPI pending table @0x0000010000690000
[    0.920595] CPU42: Booted secondary processor 0x02000a0000 [0x700f8620]
[    0.934398] Detected PIPT I-cache on CPU43
[    0.934433] GICv3: CPU43: found redistributor 2000b0000 region 43:0x0000200022220000
[    0.934484] GICv3: CPU43: using allocated LPI pending table @0x00000100006a0000
[    0.934742] CPU43: Booted secondary processor 0x02000b0000 [0x700f8620]
[    0.948542] Detected PIPT I-cache on CPU44
[    0.948577] GICv3: CPU44: found redistributor 2000c0000 region 44:0x0000200022240000
[    0.948629] GICv3: CPU44: using allocated LPI pending table @0x00000100006b0000
[    0.948879] CPU44: Booted secondary processor 0x02000c0000 [0x700f8620]
[    0.962686] Detected PIPT I-cache on CPU45
[    0.962721] GICv3: CPU45: found redistributor 2000d0000 region 45:0x0000200022260000
[    0.962767] GICv3: CPU45: using allocated LPI pending table @0x00000100006c0000
[    0.963029] CPU45: Booted secondary processor 0x02000d0000 [0x700f8620]
[    0.976830] Detected PIPT I-cache on CPU46
[    0.976865] GICv3: CPU46: found redistributor 2000e0000 region 46:0x0000200022280000
[    0.976916] GICv3: CPU46: using allocated LPI pending table @0x00000100006d0000
[    0.977178] CPU46: Booted secondary processor 0x02000e0000 [0x700f8620]
[    0.990973] Detected PIPT I-cache on CPU47
[    0.991008] GICv3: CPU47: found redistributor 2000f0000 region 47:0x00002000222a0000
[    0.991060] GICv3: CPU47: using allocated LPI pending table @0x00000100006e0000
[    0.991321] CPU47: Booted secondary processor 0x02000f0000 [0x700f8620]
[    1.005116] Detected PIPT I-cache on CPU48
[    1.005155] GICv3: CPU48: found redistributor 300000000 region 48:0x00003000220c0000
[    1.005203] GICv3: CPU48: using allocated LPI pending table @0x00000100006f0000
[    1.005446] CPU48: Booted secondary processor 0x0300000000 [0x700f8620]
[    1.019259] Detected PIPT I-cache on CPU49
[    1.019298] GICv3: CPU49: found redistributor 300010000 region 49:0x00003000220e0000
[    1.019345] GICv3: CPU49: using allocated LPI pending table @0x0000010000700000
[    1.019591] CPU49: Booted secondary processor 0x0300010000 [0x700f8620]
[    1.033403] Detected PIPT I-cache on CPU50
[    1.033442] GICv3: CPU50: found redistributor 300020000 region 50:0x0000300022100000
[    1.033488] GICv3: CPU50: using allocated LPI pending table @0x0000010000710000
[    1.033738] CPU50: Booted secondary processor 0x0300020000 [0x700f8620]
[    1.047547] Detected PIPT I-cache on CPU51
[    1.047586] GICv3: CPU51: found redistributor 300030000 region 51:0x0000300022120000
[    1.047644] GICv3: CPU51: using allocated LPI pending table @0x0000010000720000
[    1.047895] CPU51: Booted secondary processor 0x0300030000 [0x700f8620]
[    1.061691] Detected PIPT I-cache on CPU52
[    1.061732] GICv3: CPU52: found redistributor 300040000 region 52:0x0000300022140000
[    1.061794] GICv3: CPU52: using allocated LPI pending table @0x0000010000730000
[    1.062040] CPU52: Booted secondary processor 0x0300040000 [0x700f8620]
[    1.075835] Detected PIPT I-cache on CPU53
[    1.075875] GICv3: CPU53: found redistributor 300050000 region 53:0x0000300022160000
[    1.075934] GICv3: CPU53: using allocated LPI pending table @0x0000010000740000
[    1.076190] CPU53: Booted secondary processor 0x0300050000 [0x700f8620]
[    1.089978] Detected PIPT I-cache on CPU54
[    1.090018] GICv3: CPU54: found redistributor 300060000 region 54:0x0000300022180000
[    1.090077] GICv3: CPU54: using allocated LPI pending table @0x0000010000750000
[    1.090333] CPU54: Booted secondary processor 0x0300060000 [0x700f8620]
[    1.104121] Detected PIPT I-cache on CPU55
[    1.104162] GICv3: CPU55: found redistributor 300070000 region 55:0x00003000221a0000
[    1.104222] GICv3: CPU55: using allocated LPI pending table @0x0000010000760000
[    1.104477] CPU55: Booted secondary processor 0x0300070000 [0x700f8620]
[    1.118266] Detected PIPT I-cache on CPU56
[    1.118308] GICv3: CPU56: found redistributor 300080000 region 56:0x00003000221c0000
[    1.118368] GICv3: CPU56: using allocated LPI pending table @0x0000010000770000
[    1.118620] CPU56: Booted secondary processor 0x0300080000 [0x700f8620]
[    1.132411] Detected PIPT I-cache on CPU57
[    1.132452] GICv3: CPU57: found redistributor 300090000 region 57:0x00003000221e0000
[    1.132513] GICv3: CPU57: using allocated LPI pending table @0x0000010000780000
[    1.132776] CPU57: Booted secondary processor 0x0300090000 [0x700f8620]
[    1.146554] Detected PIPT I-cache on CPU58
[    1.146596] GICv3: CPU58: found redistributor 3000a0000 region 58:0x0000300022200000
[    1.146658] GICv3: CPU58: using allocated LPI pending table @0x0000010000790000
[    1.146918] CPU58: Booted secondary processor 0x03000a0000 [0x700f8620]
[    1.160697] Detected PIPT I-cache on CPU59
[    1.160739] GICv3: CPU59: found redistributor 3000b0000 region 59:0x0000300022220000
[    1.160804] GICv3: CPU59: using allocated LPI pending table @0x00000100007a0000
[    1.161061] CPU59: Booted secondary processor 0x03000b0000 [0x700f8620]
[    1.174843] Detected PIPT I-cache on CPU60
[    1.174887] GICv3: CPU60: found redistributor 3000c0000 region 60:0x0000300022240000
[    1.174952] GICv3: CPU60: using allocated LPI pending table @0x00000100007b0000
[    1.175200] CPU60: Booted secondary processor 0x03000c0000 [0x700f8620]
[    1.188987] Detected PIPT I-cache on CPU61
[    1.189030] GICv3: CPU61: found redistributor 3000d0000 region 61:0x0000300022260000
[    1.189093] GICv3: CPU61: using allocated LPI pending table @0x00000100007c0000
[    1.189360] CPU61: Booted secondary processor 0x03000d0000 [0x700f8620]
[    1.203129] Detected PIPT I-cache on CPU62
[    1.203174] GICv3: CPU62: found redistributor 3000e0000 region 62:0x0000300022280000
[    1.203240] GICv3: CPU62: using allocated LPI pending table @0x00000100007d0000
[    1.203502] CPU62: Booted secondary processor 0x03000e0000 [0x700f8620]
[    1.217273] Detected PIPT I-cache on CPU63
[    1.217318] GICv3: CPU63: found redistributor 3000f0000 region 63:0x00003000222a0000
[    1.217381] GICv3: CPU63: using allocated LPI pending table @0x00000100007e0000
[    1.217645] CPU63: Booted secondary processor 0x03000f0000 [0x700f8620]
[    1.231427] Detected PIPT I-cache on CPU64
[    1.231487] GICv3: CPU64: found redistributor 400000000 region 64:0x00004000220c0000
[    1.231553] GICv3: CPU64: using allocated LPI pending table @0x00000100007f0000
[    1.231801] CPU64: Booted secondary processor 0x0400000000 [0x700f8620]
[    1.245572] Detected PIPT I-cache on CPU65
[    1.245633] GICv3: CPU65: found redistributor 400010000 region 65:0x00004000220e0000
[    1.245700] GICv3: CPU65: using allocated LPI pending table @0x0000010000800000
[    1.245960] CPU65: Booted secondary processor 0x0400010000 [0x700f8620]
[    1.259714] Detected PIPT I-cache on CPU66
[    1.259775] GICv3: CPU66: found redistributor 400020000 region 66:0x0000400022100000
[    1.259841] GICv3: CPU66: using allocated LPI pending table @0x0000010000810000
[    1.260112] CPU66: Booted secondary processor 0x0400020000 [0x700f8620]
[    1.273859] Detected PIPT I-cache on CPU67
[    1.273921] GICv3: CPU67: found redistributor 400030000 region 67:0x0000400022120000
[    1.273989] GICv3: CPU67: using allocated LPI pending table @0x0000010000820000
[    1.274262] CPU67: Booted secondary processor 0x0400030000 [0x700f8620]
[    1.288004] Detected PIPT I-cache on CPU68
[    1.288064] GICv3: CPU68: found redistributor 400040000 region 68:0x0000400022140000
[    1.288132] GICv3: CPU68: using allocated LPI pending table @0x0000010000830000
[    1.288390] CPU68: Booted secondary processor 0x0400040000 [0x700f8620]
[    1.302146] Detected PIPT I-cache on CPU69
[    1.302207] GICv3: CPU69: found redistributor 400050000 region 69:0x0000400022160000
[    1.302276] GICv3: CPU69: using allocated LPI pending table @0x0000010000840000
[    1.302551] CPU69: Booted secondary processor 0x0400050000 [0x700f8620]
[    1.316290] Detected PIPT I-cache on CPU70
[    1.316354] GICv3: CPU70: found redistributor 400060000 region 70:0x0000400022180000
[    1.316421] GICv3: CPU70: using allocated LPI pending table @0x0000010000850000
[    1.316698] CPU70: Booted secondary processor 0x0400060000 [0x700f8620]
[    1.330435] Detected PIPT I-cache on CPU71
[    1.330497] GICv3: CPU71: found redistributor 400070000 region 71:0x00004000221a0000
[    1.330564] GICv3: CPU71: using allocated LPI pending table @0x0000010000860000
[    1.330842] CPU71: Booted secondary processor 0x0400070000 [0x700f8620]
[    1.344579] Detected PIPT I-cache on CPU72
[    1.344643] GICv3: CPU72: found redistributor 400080000 region 72:0x00004000221c0000
[    1.344713] GICv3: CPU72: using allocated LPI pending table @0x0000010000870000
[    1.344975] CPU72: Booted secondary processor 0x0400080000 [0x700f8620]
[    1.358722] Detected PIPT I-cache on CPU73
[    1.358786] GICv3: CPU73: found redistributor 400090000 region 73:0x00004000221e0000
[    1.358857] GICv3: CPU73: using allocated LPI pending table @0x0000010000880000
[    1.359137] CPU73: Booted secondary processor 0x0400090000 [0x700f8620]
[    1.372867] Detected PIPT I-cache on CPU74
[    1.372931] GICv3: CPU74: found redistributor 4000a0000 region 74:0x0000400022200000
[    1.372995] GICv3: CPU74: using allocated LPI pending table @0x0000010000890000
[    1.373279] CPU74: Booted secondary processor 0x04000a0000 [0x700f8620]
[    1.387008] Detected PIPT I-cache on CPU75
[    1.387072] GICv3: CPU75: found redistributor 4000b0000 region 75:0x0000400022220000
[    1.387142] GICv3: CPU75: using allocated LPI pending table @0x00000100008a0000
[    1.387426] CPU75: Booted secondary processor 0x04000b0000 [0x700f8620]
[    1.401155] Detected PIPT I-cache on CPU76
[    1.401220] GICv3: CPU76: found redistributor 4000c0000 region 76:0x0000400022240000
[    1.401291] GICv3: CPU76: using allocated LPI pending table @0x00000100008b0000
[    1.401561] CPU76: Booted secondary processor 0x04000c0000 [0x700f8620]
[    1.415297] Detected PIPT I-cache on CPU77
[    1.415363] GICv3: CPU77: found redistributor 4000d0000 region 77:0x0000400022260000
[    1.415434] GICv3: CPU77: using allocated LPI pending table @0x00000100008c0000
[    1.415721] CPU77: Booted secondary processor 0x04000d0000 [0x700f8620]
[    1.429441] Detected PIPT I-cache on CPU78
[    1.429508] GICv3: CPU78: found redistributor 4000e0000 region 78:0x0000400022280000
[    1.429578] GICv3: CPU78: using allocated LPI pending table @0x00000100008d0000
[    1.429869] CPU78: Booted secondary processor 0x04000e0000 [0x700f8620]
[    1.443585] Detected PIPT I-cache on CPU79
[    1.443652] GICv3: CPU79: found redistributor 4000f0000 region 79:0x00004000222a0000
[    1.443724] GICv3: CPU79: using allocated LPI pending table @0x00000100008e0000
[    1.444017] CPU79: Booted secondary processor 0x04000f0000 [0x700f8620]
[    1.457714] Detected PIPT I-cache on CPU80
[    1.457776] GICv3: CPU80: found redistributor 500000000 region 80:0x00005000220c0000
[    1.457831] GICv3: CPU80: using allocated LPI pending table @0x00000100008f0000
[    1.458080] CPU80: Booted secondary processor 0x0500000000 [0x700f8620]
[    1.471857] Detected PIPT I-cache on CPU81
[    1.471920] GICv3: CPU81: found redistributor 500010000 region 81:0x00005000220e0000
[    1.471974] GICv3: CPU81: using allocated LPI pending table @0x0000010000900000
[    1.472218] CPU81: Booted secondary processor 0x0500010000 [0x700f8620]
[    1.486000] Detected PIPT I-cache on CPU82
[    1.486064] GICv3: CPU82: found redistributor 500020000 region 82:0x0000500022100000
[    1.486119] GICv3: CPU82: using allocated LPI pending table @0x0000010000910000
[    1.486369] CPU82: Booted secondary processor 0x0500020000 [0x700f8620]
[    1.500143] Detected PIPT I-cache on CPU83
[    1.500208] GICv3: CPU83: found redistributor 500030000 region 83:0x0000500022120000
[    1.500262] GICv3: CPU83: using allocated LPI pending table @0x0000010000920000
[    1.500509] CPU83: Booted secondary processor 0x0500030000 [0x700f8620]
[    1.514288] Detected PIPT I-cache on CPU84
[    1.514354] GICv3: CPU84: found redistributor 500040000 region 84:0x0000500022140000
[    1.514409] GICv3: CPU84: using allocated LPI pending table @0x0000010000930000
[    1.514652] CPU84: Booted secondary processor 0x0500040000 [0x700f8620]
[    1.528432] Detected PIPT I-cache on CPU85
[    1.528498] GICv3: CPU85: found redistributor 500050000 region 85:0x0000500022160000
[    1.528554] GICv3: CPU85: using allocated LPI pending table @0x0000010000940000
[    1.528810] CPU85: Booted secondary processor 0x0500050000 [0x700f8620]
[    1.542575] Detected PIPT I-cache on CPU86
[    1.542640] GICv3: CPU86: found redistributor 500060000 region 86:0x0000500022180000
[    1.542695] GICv3: CPU86: using allocated LPI pending table @0x0000010000950000
[    1.542947] CPU86: Booted secondary processor 0x0500060000 [0x700f8620]
[    1.556719] Detected PIPT I-cache on CPU87
[    1.556784] GICv3: CPU87: found redistributor 500070000 region 87:0x00005000221a0000
[    1.556840] GICv3: CPU87: using allocated LPI pending table @0x0000010000960000
[    1.557092] CPU87: Booted secondary processor 0x0500070000 [0x700f8620]
[    1.570863] Detected PIPT I-cache on CPU88
[    1.570931] GICv3: CPU88: found redistributor 500080000 region 88:0x00005000221c0000
[    1.570986] GICv3: CPU88: using allocated LPI pending table @0x0000010000970000
[    1.571234] CPU88: Booted secondary processor 0x0500080000 [0x700f8620]
[    1.585007] Detected PIPT I-cache on CPU89
[    1.585075] GICv3: CPU89: found redistributor 500090000 region 89:0x00005000221e0000
[    1.585131] GICv3: CPU89: using allocated LPI pending table @0x0000010000980000
[    1.585386] CPU89: Booted secondary processor 0x0500090000 [0x700f8620]
[    1.599150] Detected PIPT I-cache on CPU90
[    1.599218] GICv3: CPU90: found redistributor 5000a0000 region 90:0x0000500022200000
[    1.599273] GICv3: CPU90: using allocated LPI pending table @0x0000010000990000
[    1.599532] CPU90: Booted secondary processor 0x05000a0000 [0x700f8620]
[    1.613294] Detected PIPT I-cache on CPU91
[    1.613362] GICv3: CPU91: found redistributor 5000b0000 region 91:0x0000500022220000
[    1.613417] GICv3: CPU91: using allocated LPI pending table @0x00000100009a0000
[    1.613674] CPU91: Booted secondary processor 0x05000b0000 [0x700f8620]
[    1.627439] Detected PIPT I-cache on CPU92
[    1.627508] GICv3: CPU92: found redistributor 5000c0000 region 92:0x0000500022240000
[    1.627566] GICv3: CPU92: using allocated LPI pending table @0x00000100009b0000
[    1.627817] CPU92: Booted secondary processor 0x05000c0000 [0x700f8620]
[    1.641582] Detected PIPT I-cache on CPU93
[    1.641652] GICv3: CPU93: found redistributor 5000d0000 region 93:0x0000500022260000
[    1.641709] GICv3: CPU93: using allocated LPI pending table @0x00000100009c0000
[    1.641974] CPU93: Booted secondary processor 0x05000d0000 [0x700f8620]
[    1.655726] Detected PIPT I-cache on CPU94
[    1.655795] GICv3: CPU94: found redistributor 5000e0000 region 94:0x0000500022280000
[    1.655861] GICv3: CPU94: using allocated LPI pending table @0x00000100009d0000
[    1.656126] CPU94: Booted secondary processor 0x05000e0000 [0x700f8620]
[    1.669870] Detected PIPT I-cache on CPU95
[    1.669940] GICv3: CPU95: found redistributor 5000f0000 region 95:0x00005000222a0000
[    1.670004] GICv3: CPU95: using allocated LPI pending table @0x00000100009e0000
[    1.670268] CPU95: Booted secondary processor 0x05000f0000 [0x700f8620]
[    1.684026] Detected PIPT I-cache on CPU96
[    1.684104] GICv3: CPU96: found redistributor 600000000 region 96:0x00006000220c0000
[    1.684181] GICv3: CPU96: using allocated LPI pending table @0x00000100009f0000
[    1.684443] CPU96: Booted secondary processor 0x0600000000 [0x700f8620]
[    1.698168] Detected PIPT I-cache on CPU97
[    1.698248] GICv3: CPU97: found redistributor 600010000 region 97:0x00006000220e0000
[    1.698324] GICv3: CPU97: using allocated LPI pending table @0x0000010000a00000
[    1.698600] CPU97: Booted secondary processor 0x0600010000 [0x700f8620]
[    1.712311] Detected PIPT I-cache on CPU98
[    1.712389] GICv3: CPU98: found redistributor 600020000 region 98:0x0000600022100000
[    1.712467] GICv3: CPU98: using allocated LPI pending table @0x0000010000a10000
[    1.712748] CPU98: Booted secondary processor 0x0600020000 [0x700f8620]
[    1.726455] Detected PIPT I-cache on CPU99
[    1.726533] GICv3: CPU99: found redistributor 600030000 region 99:0x0000600022120000
[    1.726608] GICv3: CPU99: using allocated LPI pending table @0x0000010000a20000
[    1.726887] CPU99: Booted secondary processor 0x0600030000 [0x700f8620]
[    1.740601] Detected PIPT I-cache on CPU100
[    1.740681] GICv3: CPU100: found redistributor 600040000 region 100:0x0000600022140000
[    1.740759] GICv3: CPU100: using allocated LPI pending table @0x0000010000a30000
[    1.741032] CPU100: Booted secondary processor 0x0600040000 [0x700f8620]
[    1.754744] Detected PIPT I-cache on CPU101
[    1.754824] GICv3: CPU101: found redistributor 600050000 region 101:0x0000600022160000
[    1.754907] GICv3: CPU101: using allocated LPI pending table @0x0000010000a40000
[    1.755198] CPU101: Booted secondary processor 0x0600050000 [0x700f8620]
[    1.768886] Detected PIPT I-cache on CPU102
[    1.768964] GICv3: CPU102: found redistributor 600060000 region 102:0x0000600022180000
[    1.769048] GICv3: CPU102: using allocated LPI pending table @0x0000010000a50000
[    1.769335] CPU102: Booted secondary processor 0x0600060000 [0x700f8620]
[    1.783030] Detected PIPT I-cache on CPU103
[    1.783109] GICv3: CPU103: found redistributor 600070000 region 103:0x00006000221a0000
[    1.783193] GICv3: CPU103: using allocated LPI pending table @0x0000010000a60000
[    1.783483] CPU103: Booted secondary processor 0x0600070000 [0x700f8620]
[    1.797176] Detected PIPT I-cache on CPU104
[    1.797256] GICv3: CPU104: found redistributor 600080000 region 104:0x00006000221c0000
[    1.797341] GICv3: CPU104: using allocated LPI pending table @0x0000010000a70000
[    1.797619] CPU104: Booted secondary processor 0x0600080000 [0x700f8620]
[    1.811321] Detected PIPT I-cache on CPU105
[    1.811404] GICv3: CPU105: found redistributor 600090000 region 105:0x00006000221e0000
[    1.811490] GICv3: CPU105: using allocated LPI pending table @0x0000010000a80000
[    1.811785] CPU105: Booted secondary processor 0x0600090000 [0x700f8620]
[    1.825463] Detected PIPT I-cache on CPU106
[    1.825543] GICv3: CPU106: found redistributor 6000a0000 region 106:0x0000600022200000
[    1.825630] GICv3: CPU106: using allocated LPI pending table @0x0000010000a90000
[    1.825924] CPU106: Booted secondary processor 0x06000a0000 [0x700f8620]
[    1.839607] Detected PIPT I-cache on CPU107
[    1.839689] GICv3: CPU107: found redistributor 6000b0000 region 107:0x0000600022220000
[    1.839776] GICv3: CPU107: using allocated LPI pending table @0x0000010000aa0000
[    1.840070] CPU107: Booted secondary processor 0x06000b0000 [0x700f8620]
[    1.853751] Detected PIPT I-cache on CPU108
[    1.853835] GICv3: CPU108: found redistributor 6000c0000 region 108:0x0000600022240000
[    1.853923] GICv3: CPU108: using allocated LPI pending table @0x0000010000ab0000
[    1.854213] CPU108: Booted secondary processor 0x06000c0000 [0x700f8620]
[    1.867895] Detected PIPT I-cache on CPU109
[    1.867981] GICv3: CPU109: found redistributor 6000d0000 region 109:0x0000600022260000
[    1.868069] GICv3: CPU109: using allocated LPI pending table @0x0000010000ac0000
[    1.868371] CPU109: Booted secondary processor 0x06000d0000 [0x700f8620]
[    1.882038] Detected PIPT I-cache on CPU110
[    1.882122] GICv3: CPU110: found redistributor 6000e0000 region 110:0x0000600022280000
[    1.882212] GICv3: CPU110: using allocated LPI pending table @0x0000010000ad0000
[    1.882515] CPU110: Booted secondary processor 0x06000e0000 [0x700f8620]
[    1.896181] Detected PIPT I-cache on CPU111
[    1.896266] GICv3: CPU111: found redistributor 6000f0000 region 111:0x00006000222a0000
[    1.896355] GICv3: CPU111: using allocated LPI pending table @0x0000010000ae0000
[    1.896659] CPU111: Booted secondary processor 0x06000f0000 [0x700f8620]
[    1.910321] Detected PIPT I-cache on CPU112
[    1.910404] GICv3: CPU112: found redistributor 700000000 region 112:0x00007000220c0000
[    1.910488] GICv3: CPU112: using allocated LPI pending table @0x0000010000af0000
[    1.910761] CPU112: Booted secondary processor 0x0700000000 [0x700f8620]
[    1.924464] Detected PIPT I-cache on CPU113
[    1.924549] GICv3: CPU113: found redistributor 700010000 region 113:0x00007000220e0000
[    1.924633] GICv3: CPU113: using allocated LPI pending table @0x0000010000b00000
[    1.924909] CPU113: Booted secondary processor 0x0700010000 [0x700f8620]
[    1.938608] Detected PIPT I-cache on CPU114
[    1.938693] GICv3: CPU114: found redistributor 700020000 region 114:0x0000700022100000
[    1.938775] GICv3: CPU114: using allocated LPI pending table @0x0000010000b10000
[    1.939061] CPU114: Booted secondary processor 0x0700020000 [0x700f8620]
[    1.952751] Detected PIPT I-cache on CPU115
[    1.952837] GICv3: CPU115: found redistributor 700030000 region 115:0x0000700022120000
[    1.952921] GICv3: CPU115: using allocated LPI pending table @0x0000010000b20000
[    1.953206] CPU115: Booted secondary processor 0x0700030000 [0x700f8620]
[    1.966897] Detected PIPT I-cache on CPU116
[    1.966984] GICv3: CPU116: found redistributor 700040000 region 116:0x0000700022140000
[    1.967067] GICv3: CPU116: using allocated LPI pending table @0x0000010000b30000
[    1.967345] CPU116: Booted secondary processor 0x0700040000 [0x700f8620]
[    1.981041] Detected PIPT I-cache on CPU117
[    1.981129] GICv3: CPU117: found redistributor 700050000 region 117:0x0000700022160000
[    1.981213] GICv3: CPU117: using allocated LPI pending table @0x0000010000b40000
[    1.981508] CPU117: Booted secondary processor 0x0700050000 [0x700f8620]
[    1.995183] Detected PIPT I-cache on CPU118
[    1.995270] GICv3: CPU118: found redistributor 700060000 region 118:0x0000700022180000
[    1.995357] GICv3: CPU118: using allocated LPI pending table @0x0000010000b50000
[    1.995651] CPU118: Booted secondary processor 0x0700060000 [0x700f8620]
[    2.009327] Detected PIPT I-cache on CPU119
[    2.009417] GICv3: CPU119: found redistributor 700070000 region 119:0x00007000221a0000
[    2.009505] GICv3: CPU119: using allocated LPI pending table @0x0000010000b60000
[    2.009795] CPU119: Booted secondary processor 0x0700070000 [0x700f8620]
[    2.023477] Detected PIPT I-cache on CPU120
[    2.023566] GICv3: CPU120: found redistributor 700080000 region 120:0x00007000221c0000
[    2.023655] GICv3: CPU120: using allocated LPI pending table @0x0000010000b70000
[    2.023941] CPU120: Booted secondary processor 0x0700080000 [0x700f8620]
[    2.037615] Detected PIPT I-cache on CPU121
[    2.037706] GICv3: CPU121: found redistributor 700090000 region 121:0x00007000221e0000
[    2.037793] GICv3: CPU121: using allocated LPI pending table @0x0000010000b80000
[    2.038093] CPU121: Booted secondary processor 0x0700090000 [0x700f8620]
[    2.051759] Detected PIPT I-cache on CPU122
[    2.051847] GICv3: CPU122: found redistributor 7000a0000 region 122:0x0000700022200000
[    2.051935] GICv3: CPU122: using allocated LPI pending table @0x0000010000b90000
[    2.052236] CPU122: Booted secondary processor 0x07000a0000 [0x700f8620]
[    2.065904] Detected PIPT I-cache on CPU123
[    2.065993] GICv3: CPU123: found redistributor 7000b0000 region 123:0x0000700022220000
[    2.066081] GICv3: CPU123: using allocated LPI pending table @0x0000010000ba0000
[    2.066380] CPU123: Booted secondary processor 0x07000b0000 [0x700f8620]
[    2.080048] Detected PIPT I-cache on CPU124
[    2.080140] GICv3: CPU124: found redistributor 7000c0000 region 124:0x0000700022240000
[    2.080230] GICv3: CPU124: using allocated LPI pending table @0x0000010000bb0000
[    2.080519] CPU124: Booted secondary processor 0x07000c0000 [0x700f8620]
[    2.094192] Detected PIPT I-cache on CPU125
[    2.094284] GICv3: CPU125: found redistributor 7000d0000 region 125:0x0000700022260000
[    2.094372] GICv3: CPU125: using allocated LPI pending table @0x0000010000bc0000
[    2.094676] CPU125: Booted secondary processor 0x07000d0000 [0x700f8620]
[    2.108335] Detected PIPT I-cache on CPU126
[    2.108427] GICv3: CPU126: found redistributor 7000e0000 region 126:0x0000700022280000
[    2.108516] GICv3: CPU126: using allocated LPI pending table @0x0000010000bd0000
[    2.108826] CPU126: Booted secondary processor 0x07000e0000 [0x700f8620]
[    2.122479] Detected PIPT I-cache on CPU127
[    2.122571] GICv3: CPU127: found redistributor 7000f0000 region 127:0x00007000222a0000
[    2.122662] GICv3: CPU127: using allocated LPI pending table @0x0000010000be0000
[    2.122968] CPU127: Booted secondary processor 0x07000f0000 [0x700f8620]
[    2.123255] smp: Brought up 8 nodes, 128 CPUs
[    2.123265] SMP: Total of 128 processors activated.
[    2.123267] CPU features: detected: Privileged Access Never
[    2.123268] CPU features: detected: LSE atomic instructions
[    2.123269] CPU features: detected: User Access Override
[    2.123270] CPU features: detected: 32-bit EL0 Support
[    2.123271] CPU features: detected: Data cache clean to Point of Persistence
[    2.123272] CPU features: detected: RAS Extension Support
[    2.123273] CPU features: detected: Data cache clean to the PoU not required for I/D coherence
[    2.123274] CPU features: detected: CRC32 instructions
[    2.219797] CPU: All CPU(s) started at EL2
[    2.247363] devtmpfs: initialized
[    2.365967] clocksource: jiffies: mask: 0xffffffff max_cycles: 0xffffffff, max_idle_ns: 19112604462750000 ns
[    2.365987] futex hash table entries: 32768 (order: 5, 2097152 bytes)
[    2.366747] pinctrl core: initialized pinctrl subsystem
[    2.366866] SMBIOS 3.3 present.
[    2.366870] DMI: H3C RS33M2C9S/RS33M2C9S, BIOS 7.60.06 05/08/2024 14:39
[    2.367440] NET: Registered protocol family 16
[    2.369322] Detected 16 PCC Subspaces
[    2.369347] Registering PCC driver as Mailbox controller
[    2.369505] cpuidle: using governor menu
[    2.369694] hw-breakpoint: found 6 breakpoint and 4 watchpoint registers.
[    2.371192] DMA: preallocated 256 KiB pool for atomic allocations
[    2.371926] ACPI: bus type PCI registered
[    2.371928] acpiphp: ACPI Hot Plug PCI Controller Driver version: 0.5
[    2.372008] Serial: AMBA PL011 UART driver
[    2.381648] HugeTLB registered 2.00 MiB page size, pre-allocated 0 pages
[    2.381649] HugeTLB registered 512 MiB page size, pre-allocated 0 pages
[    2.388096] ACPI: Added _OSI(Module Device)
[    2.388097] ACPI: Added _OSI(Processor Device)
[    2.388098] ACPI: Added _OSI(3.0 _SCP Extensions)
[    2.388099] ACPI: Added _OSI(Processor Aggregator Device)
[    2.388100] ACPI: Added _OSI(Linux-Dell-Video)
[    2.388101] ACPI: Added _OSI(Linux-Lenovo-NV-HDMI-Audio)
[    2.392626] ACPI: 2 ACPI AML tables successfully acquired and loaded
[    2.396172] ACPI: Interpreter enabled
[    2.396173] ACPI: Using GIC for interrupt routing
[    2.396189] ACPI: MCFG table detected, 8 entries
[    2.396194] ACPI: IORT: SMMU-v3[3b200000] Mapped to Proximity domain 0
[    2.396292] ACPI: IORT: SMMU-v3[3bc00000] Mapped to Proximity domain 0
[    2.396339] ACPI: IORT: SMMU-v3[10003b200000] Mapped to Proximity domain 1
[    2.396393] ACPI: IORT: SMMU-v3[10003bc00000] Mapped to Proximity domain 1
[    2.396438] ACPI: IORT: SMMU-v3[20003b200000] Mapped to Proximity domain 2
[    2.396484] ACPI: IORT: SMMU-v3[20003bc00000] Mapped to Proximity domain 2
[    2.396556] ACPI: IORT: SMMU-v3[30003b200000] Mapped to Proximity domain 3
[    2.396603] ACPI: IORT: SMMU-v3[30003bc00000] Mapped to Proximity domain 3
[    2.396648] ACPI: IORT: SMMU-v3[40003b200000] Mapped to Proximity domain 4
[    2.396694] ACPI: IORT: SMMU-v3[40003bc00000] Mapped to Proximity domain 4
[    2.396739] ACPI: IORT: SMMU-v3[50003b200000] Mapped to Proximity domain 5
[    2.396796] ACPI: IORT: SMMU-v3[50003bc00000] Mapped to Proximity domain 5
[    2.396841] ACPI: IORT: SMMU-v3[60003b200000] Mapped to Proximity domain 6
[    2.396886] ACPI: IORT: SMMU-v3[60003bc00000] Mapped to Proximity domain 6
[    2.396930] ACPI: IORT: SMMU-v3[70003b200000] Mapped to Proximity domain 7
[    2.396975] ACPI: IORT: SMMU-v3[70003bc00000] Mapped to Proximity domain 7
[    2.397083] HEST: Table parsing has been initialized.
[    2.409342] ARMH0011:00: ttyAMA0 at MMIO 0x20001000 (irq = 69, base_baud = 0) is a SBSA
[    2.409365] console [ttyAMA0] enabled
[    2.414745] ACPI: PCI Interrupt Link [LNKA] (IRQs *86)
[    2.414755] ACPI: PCI Interrupt Link [LNKB] (IRQs *85)
[    2.414764] ACPI: PCI Interrupt Link [LNKC] (IRQs *84)
[    2.414773] ACPI: PCI Interrupt Link [LNKD] (IRQs *83)
[    2.414781] ACPI: PCI Interrupt Link [LNKE] (IRQs *182)
[    2.414790] ACPI: PCI Interrupt Link [LNKF] (IRQs *181)
[    2.414798] ACPI: PCI Interrupt Link [LNKG] (IRQs *180)
[    2.414806] ACPI: PCI Interrupt Link [LNKH] (IRQs *179)
[    2.414815] ACPI: PCI Interrupt Link [LNKI] (IRQs *278)
[    2.414823] ACPI: PCI Interrupt Link [LNKJ] (IRQs *277)
[    2.414832] ACPI: PCI Interrupt Link [LNKK] (IRQs *276)
[    2.414840] ACPI: PCI Interrupt Link [LNKL] (IRQs *275)
[    2.414848] ACPI: PCI Interrupt Link [LNKM] (IRQs *374)
[    2.414857] ACPI: PCI Interrupt Link [LNKN] (IRQs *373)
[    2.414865] ACPI: PCI Interrupt Link [LNKO] (IRQs *372)
[    2.414874] ACPI: PCI Interrupt Link [LNKP] (IRQs *371)
[    2.414883] ACPI: PCI Interrupt Link [LNKQ] (IRQs *470)
[    2.414891] ACPI: PCI Interrupt Link [LNKR] (IRQs *469)
[    2.414901] ACPI: PCI Interrupt Link [LNKS] (IRQs *468)
[    2.414910] ACPI: PCI Interrupt Link [LNKT] (IRQs *467)
[    2.414920] ACPI: PCI Interrupt Link [LNKU] (IRQs *566)
[    2.414929] ACPI: PCI Interrupt Link [LNKV] (IRQs *565)
[    2.414938] ACPI: PCI Interrupt Link [LNKW] (IRQs *564)
[    2.414947] ACPI: PCI Interrupt Link [LNKX] (IRQs *563)
[    2.414956] ACPI: PCI Interrupt Link [LNLA] (IRQs *662)
[    2.414966] ACPI: PCI Interrupt Link [LNLB] (IRQs *661)
[    2.414975] ACPI: PCI Interrupt Link [LNLC] (IRQs *660)
[    2.414984] ACPI: PCI Interrupt Link [LNLD] (IRQs *659)
[    2.414994] ACPI: PCI Interrupt Link [LNLE] (IRQs *758)
[    2.415003] ACPI: PCI Interrupt Link [LNLF] (IRQs *757)
[    2.415013] ACPI: PCI Interrupt Link [LNLG] (IRQs *756)
[    2.415023] ACPI: PCI Interrupt Link [LNLH] (IRQs *755)
[    2.415088] ACPI: PCI Root Bridge [PCI0] (domain 0000 [bus 00-ff])
[    2.415092] acpi PNP0A08:00: _OSC: OS supports [ExtendedConfig ASPM ClockPM Segments MSI EDR]
[    2.415163] acpi PNP0A08:00: _OSC: platform does not support [SHPCHotplug LTR DPC]
[    2.415218] acpi PNP0A08:00: _OSC: OS now controls [PCIeHotplug PME AER PCIeCapability]
[    2.416119] acpi PNP0A08:00: ECAM area [mem 0x40000000-0x4fffffff] reserved by PNP0C02:00
[    2.416314] acpi PNP0A08:00: ECAM at [mem 0x40000000-0x4fffffff] for [bus 00-ff]
[    2.416330] Remapped I/O 0x0000000050000000 to [io  0x0000-0xffff window]
[    2.416374] PCI host bridge to bus 0000:00
[    2.416376] pci_bus 0000:00: root bus resource [mem 0x58000000-0x7fffffff window]
[    2.416377] pci_bus 0000:00: root bus resource [mem 0x40000000000-0x4ffffffffff window]
[    2.416378] pci_bus 0000:00: root bus resource [io  0x0000-0xffff window]
[    2.416379] pci_bus 0000:00: root bus resource [bus 00-ff]
[    2.416389] pci 0000:00:00.0: [1db7:5c16] type 01 class 0x060400
[    2.416415] pci 0000:00:00.0: reg 0x10: [mem 0x40001000000-0x400010fffff 64bit]
[    2.416420] pci 0000:00:00.0: reg 0x38: [mem 0x00000000-0x0000ffff pref]
[    2.416492] pci 0000:00:00.0: supports D1
[    2.416493] pci 0000:00:00.0: PME# supported from D0 D1 D3hot D3cold
[    2.416587] pci 0000:00:01.0: [1db7:5c01] type 01 class 0x060400
[    2.416605] pci 0000:00:01.0: reg 0x10: [mem 0x40000c00000-0x40000ffffff 64bit]
[    2.416611] pci 0000:00:01.0: reg 0x38: [mem 0x00000000-0x0000ffff pref]
[    2.416649] pci 0000:00:01.0: supports D1
[    2.416650] pci 0000:00:01.0: PME# supported from D0 D1 D3hot D3cold
[    2.416705] pci 0000:00:02.0: [1db7:5c01] type 01 class 0x060400
[    2.416720] pci 0000:00:02.0: reg 0x10: [mem 0x40000800000-0x40000bfffff 64bit]
[    2.416725] pci 0000:00:02.0: reg 0x38: [mem 0x00000000-0x0000ffff pref]
[    2.416759] pci 0000:00:02.0: supports D1
[    2.416760] pci 0000:00:02.0: PME# supported from D0 D1 D3hot D3cold
[    2.416808] pci 0000:00:03.0: [1db7:5c01] type 01 class 0x060400
[    2.416823] pci 0000:00:03.0: reg 0x10: [mem 0x40000400000-0x400007fffff 64bit]
[    2.416828] pci 0000:00:03.0: reg 0x38: [mem 0x00000000-0x0000ffff pref]
[    2.416860] pci 0000:00:03.0: supports D1
[    2.416861] pci 0000:00:03.0: PME# supported from D0 D1 D3hot D3cold
[    2.416909] pci 0000:00:04.0: [1db7:5c01] type 01 class 0x060400
[    2.416925] pci 0000:00:04.0: reg 0x10: [mem 0x40000000000-0x400003fffff 64bit]
[    2.416929] pci 0000:00:04.0: reg 0x38: [mem 0x00000000-0x0000ffff pref]
[    2.416962] pci 0000:00:04.0: supports D1
[    2.416962] pci 0000:00:04.0: PME# supported from D0 D1 D3hot D3cold
[    2.417202] pci 0000:03:00.0: [1b4b:9230] type 00 class 0x010601
[    2.417217] pci 0000:03:00.0: reg 0x10: [io  0x0028-0x002f]
[    2.417223] pci 0000:03:00.0: reg 0x14: [io  0x0034-0x0037]
[    2.417230] pci 0000:03:00.0: reg 0x18: [io  0x0020-0x0027]
[    2.417236] pci 0000:03:00.0: reg 0x1c: [io  0x0030-0x0033]
[    2.417242] pci 0000:03:00.0: reg 0x20: [io  0x0000-0x001f]
[    2.417249] pci 0000:03:00.0: reg 0x24: [mem 0x58240000-0x582407ff]
[    2.417255] pci 0000:03:00.0: reg 0x30: [mem 0x58200000-0x5823ffff pref]
[    2.417264] pci 0000:03:00.0: Enabling fixed DMA alias to 00.1
[    2.417293] pci 0000:03:00.0: PME# supported from D3hot
[    2.417317] pci 0000:03:00.0: 4.000 Gb/s available PCIe bandwidth, limited by 5.0 GT/s PCIe x1 link at 0000:00:02.0 (capable of 8.000 Gb/s with 5.0 GT/s PCIe x2 link)
[    2.455655] pci 0000:04:00.0: [1912:0014] type 00 class 0x0c0330
[    2.455680] pci 0000:04:00.0: reg 0x10: [mem 0x58100000-0x58101fff 64bit]
[    2.455773] pci 0000:04:00.0: PME# supported from D0 D3hot D3cold
[    2.485679] pci 0000:05:00.0: [1912:0014] type 00 class 0x0c0330
[    2.485701] pci 0000:05:00.0: reg 0x10: [mem 0x58000000-0x58001fff 64bit]
[    2.485783] pci 0000:05:00.0: PME# supported from D0 D3hot D3cold
[    2.515650] pci_bus 0000:00: on NUMA node 0
[    2.515653] pci 0000:00:00.0: bridge window [io  0x1000-0x0fff] to [bus 01] add_size 1000
[    2.515655] pci 0000:00:00.0: bridge window [mem 0x00100000-0x000fffff 64bit pref] to [bus 01] add_size 200000 add_align 100000
[    2.515657] pci 0000:00:00.0: bridge window [mem 0x00100000-0x000fffff] to [bus 01] add_size 200000 add_align 100000
[    2.515671] pci 0000:00:01.0: BAR 0: assigned [mem 0x40000000000-0x400003fffff 64bit]
[    2.515677] pci 0000:00:02.0: BAR 0: assigned [mem 0x40000400000-0x400007fffff 64bit]
[    2.515682] pci 0000:00:03.0: BAR 0: assigned [mem 0x40000800000-0x40000bfffff 64bit]
[    2.515687] pci 0000:00:04.0: BAR 0: assigned [mem 0x40000c00000-0x40000ffffff 64bit]
[    2.515692] pci 0000:00:00.0: BAR 0: assigned [mem 0x40001000000-0x400010fffff 64bit]
[    2.515697] pci 0000:00:00.0: BAR 14: assigned [mem 0x58000000-0x581fffff]
[    2.515698] pci 0000:00:00.0: BAR 15: assigned [mem 0x40001100000-0x400012fffff 64bit pref]
[    2.515700] pci 0000:00:02.0: BAR 14: assigned [mem 0x58200000-0x582fffff]
[    2.515701] pci 0000:00:03.0: BAR 14: assigned [mem 0x58300000-0x583fffff]
[    2.515702] pci 0000:00:04.0: BAR 14: assigned [mem 0x58400000-0x584fffff]
[    2.515703] pci 0000:00:00.0: BAR 6: assigned [mem 0x58500000-0x5850ffff pref]
[    2.515704] pci 0000:00:01.0: BAR 6: assigned [mem 0x58510000-0x5851ffff pref]
[    2.515705] pci 0000:00:02.0: BAR 6: assigned [mem 0x58520000-0x5852ffff pref]
[    2.515706] pci 0000:00:03.0: BAR 6: assigned [mem 0x58530000-0x5853ffff pref]
[    2.515707] pci 0000:00:04.0: BAR 6: assigned [mem 0x58540000-0x5854ffff pref]
[    2.515709] pci 0000:00:00.0: BAR 13: assigned [io  0x1000-0x1fff]
[    2.515710] pci 0000:00:02.0: BAR 13: assigned [io  0x2000-0x2fff]
[    2.515713] pci 0000:00:00.0: PCI bridge to [bus 01]
[    2.515714] pci 0000:00:00.0:   bridge window [io  0x1000-0x1fff]
[    2.515717] pci 0000:00:00.0:   bridge window [mem 0x58000000-0x581fffff]
[    2.515719] pci 0000:00:00.0:   bridge window [mem 0x40001100000-0x400012fffff 64bit pref]
[    2.515721] pci 0000:00:01.0: PCI bridge to [bus 02]
[    2.515729] pci 0000:03:00.0: BAR 6: assigned [mem 0x58200000-0x5823ffff pref]
[    2.515730] pci 0000:03:00.0: BAR 5: assigned [mem 0x58240000-0x582407ff]
[    2.515733] pci 0000:03:00.0: BAR 4: assigned [io  0x2000-0x201f]
[    2.515736] pci 0000:03:00.0: BAR 0: assigned [io  0x2020-0x2027]
[    2.515739] pci 0000:03:00.0: BAR 2: assigned [io  0x2028-0x202f]
[    2.515742] pci 0000:03:00.0: BAR 1: assigned [io  0x2030-0x2033]
[    2.515744] pci 0000:03:00.0: BAR 3: assigned [io  0x2034-0x2037]
[    2.515747] pci 0000:00:02.0: PCI bridge to [bus 03]
[    2.515749] pci 0000:00:02.0:   bridge window [io  0x2000-0x2fff]
[    2.515751] pci 0000:00:02.0:   bridge window [mem 0x58200000-0x582fffff]
[    2.515756] pci 0000:04:00.0: BAR 0: assigned [mem 0x58300000-0x58301fff 64bit]
[    2.515765] pci 0000:00:03.0: PCI bridge to [bus 04]
[    2.515767] pci 0000:00:03.0:   bridge window [mem 0x58300000-0x583fffff]
[    2.515772] pci 0000:05:00.0: BAR 0: assigned [mem 0x58400000-0x58401fff 64bit]
[    2.515780] pci 0000:00:04.0: PCI bridge to [bus 05]
[    2.515783] pci 0000:00:04.0:   bridge window [mem 0x58400000-0x584fffff]
[    2.515788] pci_bus 0000:00: resource 4 [mem 0x58000000-0x7fffffff window]
[    2.515789] pci_bus 0000:00: resource 5 [mem 0x40000000000-0x4ffffffffff window]
[    2.515790] pci_bus 0000:00: resource 6 [io  0x0000-0xffff window]
[    2.515791] pci_bus 0000:01: resource 0 [io  0x1000-0x1fff]
[    2.515792] pci_bus 0000:01: resource 1 [mem 0x58000000-0x581fffff]
[    2.515794] pci_bus 0000:01: resource 2 [mem 0x40001100000-0x400012fffff 64bit pref]
[    2.515795] pci_bus 0000:03: resource 0 [io  0x2000-0x2fff]
[    2.515796] pci_bus 0000:03: resource 1 [mem 0x58200000-0x582fffff]
[    2.515797] pci_bus 0000:04: resource 1 [mem 0x58300000-0x583fffff]
[    2.515798] pci_bus 0000:05: resource 1 [mem 0x58400000-0x584fffff]
[    2.515856] ACPI: PCI Root Bridge [PCI1] (domain 0001 [bus 00-ff])
[    2.515860] acpi PNP0A08:01: _OSC: OS supports [ExtendedConfig ASPM ClockPM Segments MSI EDR]
[    2.515924] acpi PNP0A08:01: _OSC: platform does not support [SHPCHotplug LTR DPC]
[    2.515977] acpi PNP0A08:01: _OSC: OS now controls [PCIeHotplug PME AER PCIeCapability]
[    2.516950] acpi PNP0A08:01: ECAM area [mem 0x100040000000-0x10004fffffff] reserved by PNP0C02:01
[    2.517077] acpi PNP0A08:01: ECAM at [mem 0x100040000000-0x10004fffffff] for [bus 00-ff]
[    2.517090] Remapped I/O 0x0000100050000000 to [io  0x10000-0x1ffff window]
[    2.517144] PCI host bridge to bus 0001:00
[    2.517145] pci_bus 0001:00: root bus resource [mem 0x100058000000-0x10007fffffff window] (bus address [0x58000000-0x7fffffff])
[    2.517147] pci_bus 0001:00: root bus resource [mem 0x140000000000-0x14ffffffffff window] (bus address [0x40000000000-0x4ffffffffff])
[    2.517148] pci_bus 0001:00: root bus resource [io  0x10000-0x1ffff window] (bus address [0x0000-0xffff])
[    2.517149] pci_bus 0001:00: root bus resource [bus 00-ff]
[    2.517160] pci 0001:00:00.0: [1db7:5c16] type 01 class 0x060400
[    2.517192] pci 0001:00:00.0: reg 0x10: [mem 0x140024100000-0x1400241fffff 64bit]
[    2.517198] pci 0001:00:00.0: reg 0x38: [mem 0x00000000-0x0000ffff pref]
[    2.517288] pci 0001:00:00.0: supports D1
[    2.517289] pci 0001:00:00.0: PME# supported from D0 D1 D3hot D3cold
[    2.517396] pci 0001:00:01.0: [1db7:5c08] type 01 class 0x060400
[    2.517427] pci 0001:00:01.0: reg 0x10: [mem 0x140024000000-0x1400240fffff 64bit]
[    2.517432] pci 0001:00:01.0: reg 0x38: [mem 0x00000000-0x0000ffff pref]
[    2.517514] pci 0001:00:01.0: supports D1
[    2.517515] pci 0001:00:01.0: PME# supported from D0 D1 D3hot D3cold
[    2.517909] pci 0001:02:00.0: [1db7:dc3e] type 00 class 0x038000
[    2.517940] pci 0001:02:00.0: reg 0x10: [mem 0x100058080000-0x10005808ffff]
[    2.517961] pci 0001:02:00.0: reg 0x18: [mem 0x140020000000-0x140023ffffff 64bit pref]
[    2.518000] pci 0001:02:00.0: BAR 2: assigned to efifb
[    2.518070] pci 0001:02:00.0: supports D1 D2
[    2.518071] pci 0001:02:00.0: PME# supported from D0 D1 D2 D3hot D3cold
[    2.518110] pci 0001:02:00.0: reg 0x164: [mem 0x100058000000-0x10005800ffff]
[    2.518112] pci 0001:02:00.0: VF(n) BAR0 space: [mem 0x100058000000-0x10005807ffff] (contains BAR0 for 8 VFs)
[    2.518133] pci 0001:02:00.0: reg 0x16c: [mem 0x140000000000-0x140003ffffff 64bit pref]
[    2.518134] pci 0001:02:00.0: VF(n) BAR2 space: [mem 0x140000000000-0x14001fffffff 64bit pref] (contains BAR2 for 8 VFs)
[    2.518236] pci 0001:02:00.0: 4.000 Gb/s available PCIe bandwidth, limited by 5.0 GT/s PCIe x1 link at 0001:00:01.0 (capable of 7.876 Gb/s with 8.0 GT/s PCIe x1 link)
[    2.555660] pci_bus 0001:00: on NUMA node 1
[    2.555663] pci 0001:00:00.0: bridge window [io  0x1000-0x0fff] to [bus 01] add_size 1000
[    2.555664] pci 0001:00:00.0: bridge window [mem 0x00100000-0x000fffff 64bit pref] to [bus 01] add_size 200000 add_align 100000
[    2.555666] pci 0001:00:00.0: bridge window [mem 0x00100000-0x000fffff] to [bus 01] add_size 200000 add_align 100000
[    2.555668] pci 0001:00:01.0: bridge window [io  0x1000-0x0fff] to [bus 02] add_size 1000
[    2.555670] pci 0001:00:01.0: bridge window [mem 0x04000000-0x07ffffff 64bit pref] to [bus 02] add_size 20000000 add_align 4000000
[    2.555671] pci 0001:00:01.0: bridge window [mem 0x00100000-0x001fffff] to [bus 02] add_size 200000 add_align 100000
[    2.555680] pci 0001:00:01.0: BAR 15: assigned [mem 0x140000000000-0x140023ffffff 64bit pref]
[    2.555681] pci 0001:00:00.0: BAR 0: assigned [mem 0x140024000000-0x1400240fffff 64bit]
[    2.555687] pci 0001:00:00.0: BAR 14: assigned [mem 0x100058000000-0x1000581fffff]
[    2.555689] pci 0001:00:00.0: BAR 15: assigned [mem 0x140024100000-0x1400242fffff 64bit pref]
[    2.555691] pci 0001:00:01.0: BAR 0: assigned [mem 0x140024300000-0x1400243fffff 64bit]
[    2.555697] pci 0001:00:01.0: BAR 14: assigned [mem 0x100058200000-0x1000584fffff]
[    2.555698] pci 0001:00:00.0: BAR 6: assigned [mem 0x100058500000-0x10005850ffff pref]
[    2.555699] pci 0001:00:01.0: BAR 6: assigned [mem 0x100058510000-0x10005851ffff pref]
[    2.555701] pci 0001:00:00.0: BAR 13: assigned [io  0x10000-0x10fff]
[    2.555702] pci 0001:00:01.0: BAR 13: assigned [io  0x11000-0x11fff]
[    2.555705] pci 0001:00:00.0: PCI bridge to [bus 01]
[    2.555706] pci 0001:00:00.0:   bridge window [io  0x10000-0x10fff]
[    2.555709] pci 0001:00:00.0:   bridge window [mem 0x100058000000-0x1000581fffff]
[    2.555712] pci 0001:00:00.0:   bridge window [mem 0x140024100000-0x1400242fffff 64bit pref]
[    2.555716] pci 0001:02:00.0: BAR 2: assigned [mem 0x140000000000-0x140003ffffff 64bit pref]
[    2.555725] pci 0001:02:00.0: BAR 9: assigned [mem 0x140004000000-0x140023ffffff 64bit pref]
[    2.555730] pci 0001:02:00.0: BAR 0: assigned [mem 0x100058200000-0x10005820ffff]
[    2.555733] pci 0001:02:00.0: BAR 7: assigned [mem 0x100058210000-0x10005828ffff]
[    2.555736] pci 0001:00:01.0: PCI bridge to [bus 02]
[    2.555738] pci 0001:00:01.0:   bridge window [io  0x11000-0x11fff]
[    2.555741] pci 0001:00:01.0:   bridge window [mem 0x100058200000-0x1000584fffff]
[    2.555743] pci 0001:00:01.0:   bridge window [mem 0x140000000000-0x140023ffffff 64bit pref]
[    2.555747] pci_bus 0001:00: resource 4 [mem 0x100058000000-0x10007fffffff window]
[    2.555748] pci_bus 0001:00: resource 5 [mem 0x140000000000-0x14ffffffffff window]
[    2.555749] pci_bus 0001:00: resource 6 [io  0x10000-0x1ffff window]
[    2.555751] pci_bus 0001:01: resource 0 [io  0x10000-0x10fff]
[    2.555752] pci_bus 0001:01: resource 1 [mem 0x100058000000-0x1000581fffff]
[    2.555753] pci_bus 0001:01: resource 2 [mem 0x140024100000-0x1400242fffff 64bit pref]
[    2.555754] pci_bus 0001:02: resource 0 [io  0x11000-0x11fff]
[    2.555755] pci_bus 0001:02: resource 1 [mem 0x100058200000-0x1000584fffff]
[    2.555756] pci_bus 0001:02: resource 2 [mem 0x140000000000-0x140023ffffff 64bit pref]
[    2.555830] ACPI: PCI Root Bridge [PCI2] (domain 0002 [bus 00-ff])
[    2.555833] acpi PNP0A08:02: _OSC: OS supports [ExtendedConfig ASPM ClockPM Segments MSI EDR]
[    2.555895] acpi PNP0A08:02: _OSC: platform does not support [SHPCHotplug LTR DPC]
[    2.555948] acpi PNP0A08:02: _OSC: OS now controls [PCIeHotplug PME AER PCIeCapability]
[    2.556935] acpi PNP0A08:02: ECAM area [mem 0x200040000000-0x20004fffffff] reserved by PNP0C02:02
[    2.557065] acpi PNP0A08:02: ECAM at [mem 0x200040000000-0x20004fffffff] for [bus 00-ff]
[    2.557078] Remapped I/O 0x0000200050000000 to [io  0x20000-0x2ffff window]
[    2.557120] PCI host bridge to bus 0002:00
[    2.557122] pci_bus 0002:00: root bus resource [mem 0x200058000000-0x20007fffffff window] (bus address [0x58000000-0x7fffffff])
[    2.557124] pci_bus 0002:00: root bus resource [mem 0x240000000000-0x24ffffffffff window] (bus address [0x40000000000-0x4ffffffffff])
[    2.557125] pci_bus 0002:00: root bus resource [io  0x20000-0x2ffff window] (bus address [0x0000-0xffff])
[    2.557126] pci_bus 0002:00: root bus resource [bus 00-ff]
[    2.557136] pci 0002:00:00.0: [1db7:5c16] type 01 class 0x060400
[    2.557165] pci 0002:00:00.0: reg 0x10: [mem 0x245008900000-0x2450089fffff 64bit]
[    2.557170] pci 0002:00:00.0: reg 0x38: [mem 0x00000000-0x0000ffff pref]
[    2.557249] pci 0002:00:00.0: supports D1
[    2.557249] pci 0002:00:00.0: PME# supported from D0 D1 D3hot D3cold
[    2.557563] pci 0002:01:00.0: [1000:c030] type 01 class 0x060400
[    2.557940] pci 0002:01:00.0: PME# supported from D0 D3hot D3cold
[    2.595792] pci 0002:02:00.0: [1000:c030] type 01 class 0x060400
[    2.596206] pci 0002:02:00.0: PME# supported from D0 D3hot D3cold
[    2.597753] pci 0002:02:01.0: [1000:c030] type 01 class 0x060400
[    2.597930] pci 0002:02:01.0: Max Payload Size set to 256 (was 512, max 2048)
[    2.598165] pci 0002:02:01.0: PME# supported from D0 D3hot D3cold
[    2.598534] pci 0002:02:02.0: [1000:c030] type 01 class 0x060400
[    2.598707] pci 0002:02:02.0: Max Payload Size set to 256 (was 512, max 2048)
[    2.600470] pci 0002:02:02.0: PME# supported from D0 D3hot D3cold
[    2.600818] pci 0002:02:03.0: [1000:c030] type 01 class 0x060400
[    2.601229] pci 0002:02:03.0: PME# supported from D0 D3hot D3cold
[    2.601573] pci 0002:02:04.0: [1000:c030] type 01 class 0x060400
[    2.601758] pci 0002:02:04.0: Max Payload Size set to 256 (was 512, max 2048)
[    2.603530] pci 0002:02:04.0: PME# supported from D0 D3hot D3cold
[    2.603883] pci 0002:02:05.0: [1000:c030] type 01 class 0x060400
[    2.604064] pci 0002:02:05.0: Max Payload Size set to 256 (was 512, max 2048)
[    2.604305] pci 0002:02:05.0: PME# supported from D0 D3hot D3cold
[    2.604723] pci 0002:02:1f.0: [1000:c030] type 01 class 0x060400
[    2.604902] pci 0002:02:1f.0: Max Payload Size set to 256 (was 512, max 2048)
[    2.606638] pci 0002:02:1f.0: PME# supported from D0 D3hot D3cold
[    2.607025] pci 0002:03:00.0: [9999:4000] type 00 class 0x038000
[    2.607358] pci 0002:03:00.0: reg 0x10: [mem 0x243000000000-0x243fffffffff 64bit pref]
[    2.607433] pci 0002:03:00.0: reg 0x18: [mem 0x245004000000-0x2450047fffff 64bit pref]
[    2.607496] pci 0002:03:00.0: reg 0x24: [mem 0x200059600000-0x2000596fffff]
[    2.607537] pci 0002:03:00.0: reg 0x30: [mem 0x200058c00000-0x200058dfffff pref]
[    2.608605] pci 0002:03:00.0: reg 0x274: [mem 0x244000000000-0x2441ffffffff 64bit pref]
[    2.608606] pci 0002:03:00.0: VF(n) BAR0 space: [mem 0x244000000000-0x244fffffffff 64bit pref] (contains BAR0 for 8 VFs)
[    2.608667] pci 0002:03:00.0: reg 0x27c: [mem 0x245000000000-0x2450007fffff 64bit pref]
[    2.608668] pci 0002:03:00.0: VF(n) BAR2 space: [mem 0x245000000000-0x245003ffffff 64bit pref] (contains BAR2 for 8 VFs)
[    2.608739] pci 0002:03:00.0: reg 0x288: [mem 0x200058e00000-0x200058efffff]
[    2.608740] pci 0002:03:00.0: VF(n) BAR5 space: [mem 0x200058e00000-0x2000595fffff] (contains BAR5 for 8 VFs)
[    2.611077] pci 0002:04:00.0: [15b3:101d] type 00 class 0x020000
[    2.611475] pci 0002:04:00.0: reg 0x10: [mem 0x245006000000-0x245007ffffff 64bit pref]
[    2.611827] pci 0002:04:00.0: reg 0x30: [mem 0x200059700000-0x2000597fffff pref]
[    2.611925] pci 0002:04:00.0: Max Payload Size set to 256 (was 512, max 512)
[    2.613047] pci 0002:04:00.0: PME# supported from D3cold
[    2.613476] pci 0002:04:00.0: reg 0x1a4: [mem 0x245008000000-0x2450080fffff 64bit pref]
[    2.613477] pci 0002:04:00.0: VF(n) BAR0 space: [mem 0x245008000000-0x2450087fffff 64bit pref] (contains BAR0 for 8 VFs)
[    2.615393] pci 0002:06:00.0: [9999:4000] type 00 class 0x038000
[    2.615723] pci 0002:06:00.0: reg 0x10: [mem 0x240000000000-0x240fffffffff 64bit pref]
[    2.617580] pci 0002:06:00.0: reg 0x18: [mem 0x242004000000-0x2420047fffff 64bit pref]
